Archive member included to satisfy reference by file (symbol)

.\CortexM3\ARM_GCC_541\Debug\Composite_Decoder.a(CyDmac.o)
                              .\CortexM3\ARM_GCC_541\Debug\Cm3Start.o (CyDmacConfigure)
.\CortexM3\ARM_GCC_541\Debug\Composite_Decoder.a(CyLib.o)
                              .\CortexM3\ARM_GCC_541\Debug\Cm3Start.o (CyHalt)
.\CortexM3\ARM_GCC_541\Debug\Composite_Decoder.a(cyPm.o)
                              .\CortexM3\ARM_GCC_541\Debug\Composite_Decoder.a(CyLib.o) (CyPmReadStatus)
.\CortexM3\ARM_GCC_541\Debug\Composite_Decoder.a(LCD_Data_Reg.o)
                              .\CortexM3\ARM_GCC_541\Debug\main.o (LCD_Data_Reg_Write)
.\CortexM3\ARM_GCC_541\Debug\Composite_Decoder.a(LCD_RST.o)
                              .\CortexM3\ARM_GCC_541\Debug\LCD.o (LCD_RST_Write)
.\CortexM3\ARM_GCC_541\Debug\Composite_Decoder.a(LCD_CS.o)
                              .\CortexM3\ARM_GCC_541\Debug\main.o (LCD_CS_Write)
.\CortexM3\ARM_GCC_541\Debug\Composite_Decoder.a(LCD_RS.o)
                              .\CortexM3\ARM_GCC_541\Debug\main.o (LCD_RS_Write)
.\CortexM3\ARM_GCC_541\Debug\Composite_Decoder.a(LCD_RD.o)
                              .\CortexM3\ARM_GCC_541\Debug\LCD.o (LCD_RD_Write)
.\CortexM3\ARM_GCC_541\Debug\Composite_Decoder.a(LCD_WR_REG.o)
                              .\CortexM3\ARM_GCC_541\Debug\main.o (LCD_WR_REG_Write)
.\CortexM3\ARM_GCC_541\Debug\Composite_Decoder.a(ShiftReg_1.o)
                              .\CortexM3\ARM_GCC_541\Debug\main.o (ShiftReg_1_Start)
.\CortexM3\ARM_GCC_541\Debug\Composite_Decoder.a(PWM_1.o)
                              .\CortexM3\ARM_GCC_541\Debug\main.o (PWM_1_Start)
.\CortexM3\ARM_GCC_541\Debug\Composite_Decoder.a(DMA_dma.o)
                              .\CortexM3\ARM_GCC_541\Debug\main.o (DMA_DmaInitialize)
.\CortexM3\ARM_GCC_541\Debug\Composite_Decoder.a(Trigger_Reference.o)
                              .\CortexM3\ARM_GCC_541\Debug\main.o (Trigger_Reference_Start)
.\CortexM3\ARM_GCC_541\Debug\Composite_Decoder.a(Trigger_Comp.o)
                              .\CortexM3\ARM_GCC_541\Debug\main.o (Trigger_Comp_Start)
.\CortexM3\ARM_GCC_541\Debug\Composite_Decoder.a(Pin_8.o)
                              .\CortexM3\ARM_GCC_541\Debug\main.o (Pin_8_Read)
.\CortexM3\ARM_GCC_541\Debug\Composite_Decoder.a(Pixel_ShiftReg.o)
                              .\CortexM3\ARM_GCC_541\Debug\main.o (Pixel_ShiftReg_Start)
.\CortexM3\ARM_GCC_541\Debug\Composite_Decoder.a(ShiftReg_DMA_dma.o)
                              .\CortexM3\ARM_GCC_541\Debug\main.o (ShiftReg_DMA_DmaInitialize)
.\CortexM3\ARM_GCC_541\Debug\Composite_Decoder.a(Pixel_ISR.o)
                              .\CortexM3\ARM_GCC_541\Debug\main.o (Pixel_ISR_StartEx)
.\CortexM3\ARM_GCC_541\Debug\Composite_Decoder.a(Pixel_ShiftReg_1.o)
                              .\CortexM3\ARM_GCC_541\Debug\main.o (Pixel_ShiftReg_1_Start)
.\CortexM3\ARM_GCC_541\Debug\Composite_Decoder.a(Comp_1.o)
                              .\CortexM3\ARM_GCC_541\Debug\main.o (Comp_1_Start)
.\CortexM3\ARM_GCC_541\Debug\Composite_Decoder.a(VDAC8_1.o)
                              .\CortexM3\ARM_GCC_541\Debug\main.o (VDAC8_1_SetValue)
.\CortexM3\ARM_GCC_541\Debug\Composite_Decoder.a(VSync_ISR.o)
                              .\CortexM3\ARM_GCC_541\Debug\main.o (VSync_ISR_StartEx)
.\CortexM3\ARM_GCC_541\Debug\Composite_Decoder.a(UART_1.o)
                              .\CortexM3\ARM_GCC_541\Debug\main.o (UART_1_Start)
.\CortexM3\ARM_GCC_541\Debug\Composite_Decoder.a(UART_1_IntClock.o)
                              .\CortexM3\ARM_GCC_541\Debug\Composite_Decoder.a(UART_1.o) (UART_1_IntClock_Start)
.\CortexM3\ARM_GCC_541\Debug\Composite_Decoder.a(CyBootAsmGnu.o)
                              .\CortexM3\ARM_GCC_541\Debug\cyfitter_cfg.o (CyDelayCycles)
.\CortexM3\ARM_GCC_541\Debug\Composite_Decoder.a(CyFlash.o)
                              .\CortexM3\ARM_GCC_541\Debug\Composite_Decoder.a(cyPm.o) (CyFlash_SetWaitCycles)
.\CortexM3\ARM_GCC_541\Debug\Composite_Decoder.a(CySpc.o)
                              .\CortexM3\ARM_GCC_541\Debug\Composite_Decoder.a(CyFlash.o) (CySpcStart)
c:/program files (x86)/cypress/psoc creator/4.1/psoc creator/import/gnu/arm/5.4.1/bin/../lib/gcc/arm-none-eabi/5.4.1/../../../../arm-none-eabi/lib/armv7-m\libg_nano.a(lib_a-errno.o)
                              .\CortexM3\ARM_GCC_541\Debug\Cm3Start.o (__errno)
c:/program files (x86)/cypress/psoc creator/4.1/psoc creator/import/gnu/arm/5.4.1/bin/../lib/gcc/arm-none-eabi/5.4.1/../../../../arm-none-eabi/lib/armv7-m\libg_nano.a(lib_a-exit.o)
                              c:/program files (x86)/cypress/psoc creator/4.1/psoc creator/import/gnu/arm/5.4.1/bin/../lib/gcc/arm-none-eabi/5.4.1/../../../../arm-none-eabi/lib/armv7-m/crt0.o (exit)
c:/program files (x86)/cypress/psoc creator/4.1/psoc creator/import/gnu/arm/5.4.1/bin/../lib/gcc/arm-none-eabi/5.4.1/../../../../arm-none-eabi/lib/armv7-m\libg_nano.a(lib_a-impure.o)
[...]
Memory Configuration

Name             Origin             Length             Attributes
rom              0x00000000         0x00040000         xr
ram              0x1fff8000         0x00010000         xrw
*default*        0x00000000         0xffffffff

Linker script and memory map

LOAD c:/program files (x86)/cypress/psoc creator/4.1/psoc creator/import/gnu/arm/5.4.1/bin/../lib/gcc/arm-none-eabi/5.4.1/armv7-m/crti.o
LOAD c:/program files (x86)/cypress/psoc creator/4.1/psoc creator/import/gnu/arm/5.4.1/bin/../lib/gcc/arm-none-eabi/5.4.1/armv7-m/crtbegin.o
LOAD c:/program files (x86)/cypress/psoc creator/4.1/psoc creator/import/gnu/arm/5.4.1/bin/../lib/gcc/arm-none-eabi/5.4.1/../../../../arm-none-eabi/lib/armv7-m/crt0.o
START GROUP
LOAD .\CortexM3\ARM_GCC_541\Debug\main.o
LOAD .\CortexM3\ARM_GCC_541\Debug\LCD.o
LOAD .\CortexM3\ARM_GCC_541\Debug\iprintf.o
LOAD .\CortexM3\ARM_GCC_541\Debug\cyfitter_cfg.o
LOAD .\CortexM3\ARM_GCC_541\Debug\cymetadata.o
LOAD .\CortexM3\ARM_GCC_541\Debug\Cm3Start.o
LOAD .\CortexM3\ARM_GCC_541\Debug\Composite_Decoder.a
LOAD C:\Program Files (x86)\Cypress\PSoC Creator\4.1\PSoC Creator\psoc\content\cycomponentlibrary\CyComponentLibrary.cylib\CortexM3\ARM_GCC_541\Debug\CyComponentLibrary.a
END GROUP
START GROUP
LOAD c:/program files (x86)/cypress/psoc creator/4.1/psoc creator/import/gnu/arm/5.4.1/bin/../lib/gcc/arm-none-eabi/5.4.1/armv7-m\libgcc.a
LOAD c:/program files (x86)/cypress/psoc creator/4.1/psoc creator/import/gnu/arm/5.4.1/bin/../lib/gcc/arm-none-eabi/5.4.1/../../../../arm-none-eabi/lib/armv7-m\libg_nano.a
LOAD c:/program files (x86)/cypress/psoc creator/4.1/psoc creator/import/gnu/arm/5.4.1/bin/../lib/gcc/arm-none-eabi/5.4.1/../../../../arm-none-eabi/lib/armv7-m\libc_nano.a
END GROUP
START GROUP
LOAD c:/program files (x86)/cypress/psoc creator/4.1/psoc creator/import/gnu/arm/5.4.1/bin/../lib/gcc/arm-none-eabi/5.4.1/armv7-m\libgcc.a
LOAD c:/program files (x86)/cypress/psoc creator/4.1/psoc creator/import/gnu/arm/5.4.1/bin/../lib/gcc/arm-none-eabi/5.4.1/../../../../arm-none-eabi/lib/armv7-m\libc_nano.a
END GROUP
LOAD c:/program files (x86)/cypress/psoc creator/4.1/psoc creator/import/gnu/arm/5.4.1/bin/../lib/gcc/arm-none-eabi/5.4.1/armv7-m/crtend.o
LOAD c:/program files (x86)/cypress/psoc creator/4.1/psoc creator/import/gnu/arm/5.4.1/bin/../lib/gcc/arm-none-eabi/5.4.1/armv7-m/crtn.o
START GROUP
LOAD c:/program files (x86)/cypress/psoc creator/4.1/psoc creator/import/gnu/arm/5.4.1/bin/../lib/gcc/arm-none-eabi/5.4.1/armv7-m\libgcc.a
LOAD c:/program files (x86)/cypress/psoc creator/4.1/psoc creator/import/gnu/arm/5.4.1/bin/../lib/gcc/arm-none-eabi/5.4.1/../../../../arm-none-eabi/lib/armv7-m\libc.a
LOAD c:/program files (x86)/cypress/psoc creator/4.1/psoc creator/import/gnu/arm/5.4.1/bin/../lib/gcc/arm-none-eabi/5.4.1/../../../../arm-none-eabi/lib/armv7-m\libnosys.a
END GROUP
                0x00000000                CY_APPL_ORIGIN = 0x0
                0x00000100                CY_FLASH_ROW_SIZE = 0x100
                0x00000020                CY_ECC_ROW_SIZE = 0x20
                0x00000000                CY_EE_IN_BTLDR = 0x0
                0x00000000                CY_APPL_LOADABLE = 0x0
                0x00000800                CY_EE_SIZE = 0x800
                0x00000001                CY_APPL_NUM = 0x1
                0x00000001                CY_APPL_MAX = 0x1
                0x00000040                CY_METADATA_SIZE = 0x40
                0x00000000                CY_APPL_LOADABLE = 0x0
                0x00000000                CY_CHECKSUM_EXCLUDE_SIZE = ALIGN (0x0, CY_FLASH_ROW_SIZE)
                [!provide]                PROVIDE (__cy_heap_start, _end)
                0x00000001                PROVIDE (__cy_region_num, ((__cy_regions_end - __cy_regions) / 0x10))
                0x20008000                PROVIDE (__cy_stack, (ORIGIN (ram) + LENGTH (ram)))
                [!provide]                PROVIDE (__cy_heap_end, (__cy_stack - 0x800))

.cybootloader   0x00000000        0x0
 *(.cybootloader)
                0x00000000                appl1_start = CY_APPL_ORIGIN?CY_APPL_ORIGIN:ALIGN (CY_FLASH_ROW_SIZE)
                0x0001ff00                appl2_start = (appl1_start + ALIGN ((((LENGTH (rom) - appl1_start) - (0x2 * CY_FLASH_ROW_SIZE)) / 0x2), CY_FLASH_ROW_SIZE))
                0x00000000                appl_start = (CY_APPL_NUM == 0x1)?appl1_start:appl2_start
                0x00000000                ecc_offset = ((appl_start / CY_FLASH_ROW_SIZE) * CY_ECC_ROW_SIZE)
                0x00000000                ee_offset = (CY_APPL_LOADABLE && ! (CY_EE_IN_BTLDR))?((CY_EE_SIZE / CY_APPL_MAX) * (CY_APPL_NUM - 0x1)):0x0
                0x00000800                ee_size = (CY_APPL_LOADABLE && ! (CY_EE_IN_BTLDR))?(CY_EE_SIZE / CY_APPL_MAX):CY_EE_SIZE
                [!provide]                PROVIDE (CY_ECC_OFFSET, ecc_offset)

.text           0x00000000     0x156e
 CREATE_OBJECT_SYMBOLS
                0x00000000                PROVIDE (__cy_interrupt_vector, RomVectors)
 *(.romvectors)
 .romvectors    0x00000000       0x10 .\CortexM3\ARM_GCC_541\Debug\Cm3Start.o
                0x00000000                RomVectors
                0x00000001                ASSERT ((. != __cy_interrupt_vector), No interrupt vector)
                0x00000001                ASSERT (CY_APPL_ORIGIN?(SIZEOF (.cybootloader) <= CY_APPL_ORIGIN):0x1, Wrong image location)
                0x00000010                PROVIDE (__cy_reset, Reset)
 *(.text.Reset)
 .text.Reset    0x00000010       0x18 .\CortexM3\ARM_GCC_541\Debug\Cm3Start.o
                0x00000010                Reset
                0x00000001                ASSERT ((. != __cy_reset), No reset code)
 *(.dma_init)
                0x00000001                ASSERT ((((appl_start + .) <= 0x10000) || 0x1), DMA Init must be within the first 64k of flash)
 *(.text .text.* .gnu.linkonce.t.*)
 .text          0x00000028       0x5c c:/program files (x86)/cypress/psoc creator/4.1/psoc creator/import/gnu/arm/5.4.1/bin/../lib/gcc/arm-none-eabi/5.4.1/armv7-m/crtbegin.o
 .text.pixelInt
                0x00000084        0x8 .\CortexM3\ARM_GCC_541\Debug\main.o
                0x00000084                pixelInt
 .text.vsyncISR
                0x0000008c       0x38 .\CortexM3\ARM_GCC_541\Debug\main.o
                0x0000008c                vsyncISR
 .text.getPixel
                0x000000c4       0x24 .\CortexM3\ARM_GCC_541\Debug\main.o
                0x000000c4                getPixel
 .text.main     0x000000e8      0x310 .\CortexM3\ARM_GCC_541\Debug\main.o
                0x000000e8                main
 .text.writeBusLCD
                0x000003f8       0x14 .\CortexM3\ARM_GCC_541\Debug\LCD.o
                0x000003f8                writeBusLCD
 .text.writeComLCD
                0x0000040c       0x14 .\CortexM3\ARM_GCC_541\Debug\LCD.o
                0x0000040c                writeComLCD
 .text.writeDataLCD
                0x00000420       0x14 .\CortexM3\ARM_GCC_541\Debug\LCD.o
                0x00000420                writeDataLCD
 .text.Address_set
                0x00000434       0x50 .\CortexM3\ARM_GCC_541\Debug\LCD.o
                0x00000434                Address_set
 .text.initLCD  0x00000484      0x18c .\CortexM3\ARM_GCC_541\Debug\LCD.o
                0x00000484                initLCD
 .text.change   0x00000610        0xc .\CortexM3\ARM_GCC_541\Debug\iprintf.o
 .text.iputc    0x0000061c        0x8 .\CortexM3\ARM_GCC_541\Debug\iprintf.o
 .text.iprintf  0x00000624      0x144 .\CortexM3\ARM_GCC_541\Debug\iprintf.o
                0x00000624                iprintf
 .text.CyClockStartupError
                0x00000768        0x4 .\CortexM3\ARM_GCC_541\Debug\cyfitter_cfg.o
 .text.cfg_write_bytes32
                0x0000076c       0x34 .\CortexM3\ARM_GCC_541\Debug\cyfitter_cfg.o
 .text.AnalogSetDefault
                0x000007a0       0x58 .\CortexM3\ARM_GCC_541\Debug\cyfitter_cfg.o
 .text.ClockSetup
                0x000007f8       0xf8 .\CortexM3\ARM_GCC_541\Debug\cyfitter_cfg.o
 .text.CYMEMZERO
                0x000008f0        0xc .\CortexM3\ARM_GCC_541\Debug\cyfitter_cfg.o
 .text.CYCONFIGCPY
                0x000008fc        0x8 .\CortexM3\ARM_GCC_541\Debug\cyfitter_cfg.o
 .text.cyfitter_cfg
                0x00000904      0x17c .\CortexM3\ARM_GCC_541\Debug\cyfitter_cfg.o
                0x00000904                cyfitter_cfg
 .text.IntDefaultHandler
                0x00000a80       0x10 .\CortexM3\ARM_GCC_541\Debug\Cm3Start.o
                0x00000a80                IntDefaultHandler
 .text.Start_c  0x00000a90       0x4c .\CortexM3\ARM_GCC_541\Debug\Cm3Start.o
                0x00000a90                Start_c
 .text.initialize_psoc
                0x00000adc       0x6c .\CortexM3\ARM_GCC_541\Debug\Cm3Start.o
                0x00000adc                initialize_psoc
 .text.CyDmacConfigure
                0x00000b48       0x34 .\CortexM3\ARM_GCC_541\Debug\Composite_Decoder.a(CyDmac.o)
                0x00000b48                CyDmacConfigure
 .text.CyDmaChEnable
                0x00000b7c       0x38 .\CortexM3\ARM_GCC_541\Debug\Composite_Decoder.a(CyDmac.o)
                0x00000b7c                CyDmaChEnable
 .text.CyDmaChPriority
                0x00000bb4       0x24 .\CortexM3\ARM_GCC_541\Debug\Composite_Decoder.a(CyDmac.o)
                0x00000bb4                CyDmaChPriority
 .text.CyDmaChSetExtendedAddress
                0x00000bd8       0x34 .\CortexM3\ARM_GCC_541\Debug\Composite_Decoder.a(CyDmac.o)
                0x00000bd8                CyDmaChSetExtendedAddress
 .text.CyDmaChSetInitialTd
                0x00000c0c       0x18 .\CortexM3\ARM_GCC_541\Debug\Composite_Decoder.a(CyDmac.o)
                0x00000c0c                CyDmaChSetInitialTd
 .text.CyDmaChSetRequest
                0x00000c24       0x20 .\CortexM3\ARM_GCC_541\Debug\Composite_Decoder.a(CyDmac.o)
                0x00000c24                CyDmaChSetRequest
 .text.CyDmaChGetRequest
                0x00000c44       0x1c .\CortexM3\ARM_GCC_541\Debug\Composite_Decoder.a(CyDmac.o)
                0x00000c44                CyDmaChGetRequest
 .text.CyDmaChSetConfiguration
                0x00000c60       0x44 .\CortexM3\ARM_GCC_541\Debug\Composite_Decoder.a(CyDmac.o)
                0x00000c60                CyDmaChSetConfiguration
 .text.CyDmaTdAllocate
                0x00000ca4       0x34 .\CortexM3\ARM_GCC_541\Debug\Composite_Decoder.a(CyDmac.o)
                0x00000ca4                CyDmaTdAllocate
 .text.CyDmaTdSetConfiguration
                0x00000cd8       0x28 .\CortexM3\ARM_GCC_541\Debug\Composite_Decoder.a(CyDmac.o)
                0x00000cd8                CyDmaTdSetConfiguration
 .text.CyDmaTdSetAddress
                0x00000d00       0x1c .\CortexM3\ARM_GCC_541\Debug\Composite_Decoder.a(CyDmac.o)
                0x00000d00                CyDmaTdSetAddress
 .text.CyDelay  0x00000d1c       0x2c .\CortexM3\ARM_GCC_541\Debug\Composite_Decoder.a(CyLib.o)
                0x00000d1c                CyDelay
 .text.LCD_Data_Reg_Write
                0x00000d48        0xc .\CortexM3\ARM_GCC_541\Debug\Composite_Decoder.a(LCD_Data_Reg.o)
                0x00000d48                LCD_Data_Reg_Write
 .text.LCD_RST_Write
                0x00000d54       0x18 .\CortexM3\ARM_GCC_541\Debug\Composite_Decoder.a(LCD_RST.o)
                0x00000d54                LCD_RST_Write
 .text.LCD_CS_Write
                0x00000d6c       0x18 .\CortexM3\ARM_GCC_541\Debug\Composite_Decoder.a(LCD_CS.o)
                0x00000d6c                LCD_CS_Write
 .text.LCD_RS_Write
                0x00000d84       0x18 .\CortexM3\ARM_GCC_541\Debug\Composite_Decoder.a(LCD_RS.o)
                0x00000d84                LCD_RS_Write
 .text.LCD_RD_Write
                0x00000d9c       0x18 .\CortexM3\ARM_GCC_541\Debug\Composite_Decoder.a(LCD_RD.o)
                0x00000d9c                LCD_RD_Write
 .text.LCD_WR_REG_Write
                0x00000db4        0xc .\CortexM3\ARM_GCC_541\Debug\Composite_Decoder.a(LCD_WR_REG.o)
                0x00000db4                LCD_WR_REG_Write
 .text.ShiftReg_1_EnableInt
                0x00000dc0       0x1c .\CortexM3\ARM_GCC_541\Debug\Composite_Decoder.a(ShiftReg_1.o)
                0x00000dc0                ShiftReg_1_EnableInt
 .text.ShiftReg_1_Enable
                0x00000ddc       0x18 .\CortexM3\ARM_GCC_541\Debug\Composite_Decoder.a(ShiftReg_1.o)
                0x00000ddc                ShiftReg_1_Enable
 .text.ShiftReg_1_SetIntMode
                0x00000df4       0x1c .\CortexM3\ARM_GCC_541\Debug\Composite_Decoder.a(ShiftReg_1.o)
                0x00000df4                ShiftReg_1_SetIntMode
 .text.ShiftReg_1_Init
                0x00000e10        0xc .\CortexM3\ARM_GCC_541\Debug\Composite_Decoder.a(ShiftReg_1.o)
                0x00000e10                ShiftReg_1_Init
 .text.ShiftReg_1_Start
                0x00000e1c       0x1c .\CortexM3\ARM_GCC_541\Debug\Composite_Decoder.a(ShiftReg_1.o)
                0x00000e1c                ShiftReg_1_Start
 .text.PWM_1_Enable
                0x00000e38       0x10 .\CortexM3\ARM_GCC_541\Debug\Composite_Decoder.a(PWM_1.o)
                0x00000e38                PWM_1_Enable
 .text.PWM_1_WriteCounter
                0x00000e48        0xc .\CortexM3\ARM_GCC_541\Debug\Composite_Decoder.a(PWM_1.o)
                0x00000e48                PWM_1_WriteCounter
 .text.PWM_1_WritePeriod
                0x00000e54        0xc .\CortexM3\ARM_GCC_541\Debug\Composite_Decoder.a(PWM_1.o)
                0x00000e54                PWM_1_WritePeriod
 .text.PWM_1_WriteCompare1
                0x00000e60        0xc .\CortexM3\ARM_GCC_541\Debug\Composite_Decoder.a(PWM_1.o)
                0x00000e60                PWM_1_WriteCompare1
 .text.PWM_1_WriteCompare2
                0x00000e6c        0xc .\CortexM3\ARM_GCC_541\Debug\Composite_Decoder.a(PWM_1.o)
                0x00000e6c                PWM_1_WriteCompare2
 .text.PWM_1_Init
                0x00000e78       0x38 .\CortexM3\ARM_GCC_541\Debug\Composite_Decoder.a(PWM_1.o)
                0x00000e78                PWM_1_Init
 .text.PWM_1_Start
                0x00000eb0       0x1c .\CortexM3\ARM_GCC_541\Debug\Composite_Decoder.a(PWM_1.o)
                0x00000eb0                PWM_1_Start
 .text.DMA_DmaInitialize
                0x00000ecc       0x3c .\CortexM3\ARM_GCC_541\Debug\Composite_Decoder.a(DMA_dma.o)
                0x00000ecc                DMA_DmaInitialize
 .text.Trigger_Reference_Enable
                0x00000f08       0x1c .\CortexM3\ARM_GCC_541\Debug\Composite_Decoder.a(Trigger_Reference.o)
                0x00000f08                Trigger_Reference_Enable
 .text.Trigger_Reference_SetSpeed
                0x00000f24       0x1c .\CortexM3\ARM_GCC_541\Debug\Composite_Decoder.a(Trigger_Reference.o)
                0x00000f24                Trigger_Reference_SetSpeed
 .text.Trigger_Reference_SetValue
                0x00000f40        0xc .\CortexM3\ARM_GCC_541\Debug\Composite_Decoder.a(Trigger_Reference.o)
                0x00000f40                Trigger_Reference_SetValue
 .text.Trigger_Reference_DacTrim
                0x00000f4c       0x24 .\CortexM3\ARM_GCC_541\Debug\Composite_Decoder.a(Trigger_Reference.o)
                0x00000f4c                Trigger_Reference_DacTrim
 .text.Trigger_Reference_SetRange
                0x00000f70       0x20 .\CortexM3\ARM_GCC_541\Debug\Composite_Decoder.a(Trigger_Reference.o)
                0x00000f70                Trigger_Reference_SetRange
 .text.Trigger_Reference_Init
                0x00000f90       0x20 .\CortexM3\ARM_GCC_541\Debug\Composite_Decoder.a(Trigger_Reference.o)
                0x00000f90                Trigger_Reference_Init
 .text.Trigger_Reference_Start
                0x00000fb0       0x24 .\CortexM3\ARM_GCC_541\Debug\Composite_Decoder.a(Trigger_Reference.o)
                0x00000fb0                Trigger_Reference_Start
 .text.Trigger_Comp_Enable
                0x00000fd4       0x1c .\CortexM3\ARM_GCC_541\Debug\Composite_Decoder.a(Trigger_Comp.o)
                0x00000fd4                Trigger_Comp_Enable
 .text.Trigger_Comp_SetSpeed
                0x00000ff0       0x58 .\CortexM3\ARM_GCC_541\Debug\Composite_Decoder.a(Trigger_Comp.o)
                0x00000ff0                Trigger_Comp_SetSpeed
 .text.Trigger_Comp_Init
                0x00001048       0x3c .\CortexM3\ARM_GCC_541\Debug\Composite_Decoder.a(Trigger_Comp.o)
                0x00001048                Trigger_Comp_Init
 .text.Trigger_Comp_Start
                0x00001084       0x1c .\CortexM3\ARM_GCC_541\Debug\Composite_Decoder.a(Trigger_Comp.o)
                0x00001084                Trigger_Comp_Start
 .text.Pin_8_Read
                0x000010a0       0x10 .\CortexM3\ARM_GCC_541\Debug\Composite_Decoder.a(Pin_8.o)
                0x000010a0                Pin_8_Read
 .text.Pixel_ShiftReg_EnableInt
                0x000010b0       0x1c .\CortexM3\ARM_GCC_541\Debug\Composite_Decoder.a(Pixel_ShiftReg.o)
                0x000010b0                Pixel_ShiftReg_EnableInt
 .text.Pixel_ShiftReg_Enable
                0x000010cc       0x18 .\CortexM3\ARM_GCC_541\Debug\Composite_Decoder.a(Pixel_ShiftReg.o)
                0x000010cc                Pixel_ShiftReg_Enable
 .text.Pixel_ShiftReg_SetIntMode
                0x000010e4       0x1c .\CortexM3\ARM_GCC_541\Debug\Composite_Decoder.a(Pixel_ShiftReg.o)
                0x000010e4                Pixel_ShiftReg_SetIntMode
 .text.Pixel_ShiftReg_Init
                0x00001100        0xc .\CortexM3\ARM_GCC_541\Debug\Composite_Decoder.a(Pixel_ShiftReg.o)
                0x00001100                Pixel_ShiftReg_Init
 .text.Pixel_ShiftReg_Start
                0x0000110c       0x1c .\CortexM3\ARM_GCC_541\Debug\Composite_Decoder.a(Pixel_ShiftReg.o)
                0x0000110c                Pixel_ShiftReg_Start
 .text.Pixel_ShiftReg_GetIntStatus
                0x00001128       0x10 .\CortexM3\ARM_GCC_541\Debug\Composite_Decoder.a(Pixel_ShiftReg.o)
                0x00001128                Pixel_ShiftReg_GetIntStatus
 .text.ShiftReg_DMA_DmaInitialize
                0x00001138       0x3c .\CortexM3\ARM_GCC_541\Debug\Composite_Decoder.a(ShiftReg_DMA_dma.o)
                0x00001138                ShiftReg_DMA_DmaInitialize
 .text.Pixel_ISR_SetVector
                0x00001174        0xc .\CortexM3\ARM_GCC_541\Debug\Composite_Decoder.a(Pixel_ISR.o)
                0x00001174                Pixel_ISR_SetVector
 .text.Pixel_ISR_SetPriority
                0x00001180       0x10 .\CortexM3\ARM_GCC_541\Debug\Composite_Decoder.a(Pixel_ISR.o)
                0x00001180                Pixel_ISR_SetPriority
 .text.Pixel_ISR_Enable
                0x00001190        0xc .\CortexM3\ARM_GCC_541\Debug\Composite_Decoder.a(Pixel_ISR.o)
                0x00001190                Pixel_ISR_Enable
 .text.Pixel_ISR_Disable
                0x0000119c        0xc .\CortexM3\ARM_GCC_541\Debug\Composite_Decoder.a(Pixel_ISR.o)
                0x0000119c                Pixel_ISR_Disable
 .text.Pixel_ISR_StartEx
                0x000011a8       0x1c .\CortexM3\ARM_GCC_541\Debug\Composite_Decoder.a(Pixel_ISR.o)
                0x000011a8                Pixel_ISR_StartEx
 .text.Pixel_ShiftReg_1_EnableInt
                0x000011c4       0x1c .\CortexM3\ARM_GCC_541\Debug\Composite_Decoder.a(Pixel_ShiftReg_1.o)
                0x000011c4                Pixel_ShiftReg_1_EnableInt
 .text.Pixel_ShiftReg_1_Enable
                0x000011e0       0x18 .\CortexM3\ARM_GCC_541\Debug\Composite_Decoder.a(Pixel_ShiftReg_1.o)
                0x000011e0                Pixel_ShiftReg_1_Enable
 .text.Pixel_ShiftReg_1_SetIntMode
                0x000011f8       0x1c .\CortexM3\ARM_GCC_541\Debug\Composite_Decoder.a(Pixel_ShiftReg_1.o)
                0x000011f8                Pixel_ShiftReg_1_SetIntMode
 .text.Pixel_ShiftReg_1_Init
                0x00001214        0xc .\CortexM3\ARM_GCC_541\Debug\Composite_Decoder.a(Pixel_ShiftReg_1.o)
                0x00001214                Pixel_ShiftReg_1_Init
 .text.Pixel_ShiftReg_1_Start
                0x00001220       0x1c .\CortexM3\ARM_GCC_541\Debug\Composite_Decoder.a(Pixel_ShiftReg_1.o)
                0x00001220                Pixel_ShiftReg_1_Start
 .text.Comp_1_Enable
                0x0000123c       0x1c .\CortexM3\ARM_GCC_541\Debug\Composite_Decoder.a(Comp_1.o)
                0x0000123c                Comp_1_Enable
 .text.Comp_1_SetSpeed
                0x00001258       0x58 .\CortexM3\ARM_GCC_541\Debug\Composite_Decoder.a(Comp_1.o)
                0x00001258                Comp_1_SetSpeed
 .text.Comp_1_Init
                0x000012b0       0x3c .\CortexM3\ARM_GCC_541\Debug\Composite_Decoder.a(Comp_1.o)
                0x000012b0                Comp_1_Init
 .text.Comp_1_Start
                0x000012ec       0x1c .\CortexM3\ARM_GCC_541\Debug\Composite_Decoder.a(Comp_1.o)
                0x000012ec                Comp_1_Start
 .text.VDAC8_1_Enable
                0x00001308       0x1c .\CortexM3\ARM_GCC_541\Debug\Composite_Decoder.a(VDAC8_1.o)
                0x00001308                VDAC8_1_Enable
 .text.VDAC8_1_SetSpeed
                0x00001324       0x1c .\CortexM3\ARM_GCC_541\Debug\Composite_Decoder.a(VDAC8_1.o)
                0x00001324                VDAC8_1_SetSpeed
 .text.VDAC8_1_SetValue
                0x00001340        0xc .\CortexM3\ARM_GCC_541\Debug\Composite_Decoder.a(VDAC8_1.o)
                0x00001340                VDAC8_1_SetValue
 .text.VDAC8_1_DacTrim
                0x0000134c       0x24 .\CortexM3\ARM_GCC_541\Debug\Composite_Decoder.a(VDAC8_1.o)
                0x0000134c                VDAC8_1_DacTrim
 .text.VDAC8_1_SetRange
                0x00001370       0x20 .\CortexM3\ARM_GCC_541\Debug\Composite_Decoder.a(VDAC8_1.o)
                0x00001370                VDAC8_1_SetRange
 .text.VDAC8_1_Init
                0x00001390       0x20 .\CortexM3\ARM_GCC_541\Debug\Composite_Decoder.a(VDAC8_1.o)
                0x00001390                VDAC8_1_Init
 .text.VDAC8_1_Start
                0x000013b0       0x24 .\CortexM3\ARM_GCC_541\Debug\Composite_Decoder.a(VDAC8_1.o)
                0x000013b0                VDAC8_1_Start
 .text.VSync_ISR_SetVector
                0x000013d4        0xc .\CortexM3\ARM_GCC_541\Debug\Composite_Decoder.a(VSync_ISR.o)
                0x000013d4                VSync_ISR_SetVector
 .text.VSync_ISR_SetPriority
                0x000013e0       0x10 .\CortexM3\ARM_GCC_541\Debug\Composite_Decoder.a(VSync_ISR.o)
                0x000013e0                VSync_ISR_SetPriority
 .text.VSync_ISR_Enable
                0x000013f0        0xc .\CortexM3\ARM_GCC_541\Debug\Composite_Decoder.a(VSync_ISR.o)
                0x000013f0                VSync_ISR_Enable
 .text.VSync_ISR_Disable
                0x000013fc        0xc .\CortexM3\ARM_GCC_541\Debug\Composite_Decoder.a(VSync_ISR.o)
                0x000013fc                VSync_ISR_Disable
 .text.VSync_ISR_StartEx
                0x00001408       0x1c .\CortexM3\ARM_GCC_541\Debug\Composite_Decoder.a(VSync_ISR.o)
                0x00001408                VSync_ISR_StartEx
 .text.UART_1_Init
                0x00001424       0x24 .\CortexM3\ARM_GCC_541\Debug\Composite_Decoder.a(UART_1.o)
                0x00001424                UART_1_Init
 .text.UART_1_Enable
                0x00001448       0x38 .\CortexM3\ARM_GCC_541\Debug\Composite_Decoder.a(UART_1.o)
                0x00001448                UART_1_Enable
 .text.UART_1_Start
                0x00001480       0x1c .\CortexM3\ARM_GCC_541\Debug\Composite_Decoder.a(UART_1.o)
                0x00001480                UART_1_Start
 .text.UART_1_PutChar
                0x0000149c       0x18 .\CortexM3\ARM_GCC_541\Debug\Composite_Decoder.a(UART_1.o)
                0x0000149c                UART_1_PutChar
 .text.UART_1_IntClock_Start
                0x000014b4       0x1c .\CortexM3\ARM_GCC_541\Debug\Composite_Decoder.a(UART_1_IntClock.o)
                0x000014b4                UART_1_IntClock_Start
 .text          0x000014d0       0x20 .\CortexM3\ARM_GCC_541\Debug\Composite_Decoder.a(CyBootAsmGnu.o)
                0x000014d0                CyDelayCycles
                0x000014e0                CyEnterCriticalSection
                0x000014e8                CyExitCriticalSection
 .text.__errno  0x000014f0        0xc c:/program files (x86)/cypress/psoc creator/4.1/psoc creator/import/gnu/arm/5.4.1/bin/../lib/gcc/arm-none-eabi/5.4.1/../../../../arm-none-eabi/lib/armv7-m\libg_nano.a(lib_a-errno.o)
                0x000014f0                __errno
 .text.__libc_init_array
                0x000014fc       0x4c c:/program files (x86)/cypress/psoc creator/4.1/psoc creator/import/gnu/arm/5.4.1/bin/../lib/gcc/arm-none-eabi/5.4.1/../../../../arm-none-eabi/lib/armv7-m\libg_nano.a(lib_a-init.o)
                0x000014fc                __libc_init_array
 .text.memcpy   0x00001548       0x16 c:/program files (x86)/cypress/psoc creator/4.1/psoc creator/import/gnu/arm/5.4.1/bin/../lib/gcc/arm-none-eabi/5.4.1/../../../../arm-none-eabi/lib/armv7-m\libg_nano.a(lib_a-memcpy-stub.o)
                0x00001548                memcpy
 .text.memset   0x0000155e       0x10 c:/program files (x86)/cypress/psoc creator/4.1/psoc creator/import/gnu/arm/5.4.1/bin/../lib/gcc/arm-none-eabi/5.4.1/../../../../arm-none-eabi/lib/armv7-m\libg_nano.a(lib_a-memset.o)
                0x0000155e                memset
 *(.plt)
 *(.gnu.warning)
 *(.glue_7t)
 .glue_7t       0x0000156e        0x0 linker stubs
 *(.glue_7)
 .glue_7        0x0000156e        0x0 linker stubs
 *(.vfp11_veneer)
 .vfp11_veneer  0x0000156e        0x0 linker stubs
 *(.bootloader)
 *(.ARM.extab* .gnu.linkonce.armextab.*)
 *(.gcc_except_table)

.v4_bx          0x00001570        0x0
 .v4_bx         0x00001570        0x0 linker stubs

.iplt           0x00001570        0x0
 .iplt          0x00001570        0x0 c:/program files (x86)/cypress/psoc creator/4.1/psoc creator/import/gnu/arm/5.4.1/bin/../lib/gcc/arm-none-eabi/5.4.1/armv7-m/crtbegin.o

.eh_frame_hdr
 *(.eh_frame_hdr)

.eh_frame       0x00001570        0x4
 *(.eh_frame)
 .eh_frame      0x00001570        0x0 c:/program files (x86)/cypress/psoc creator/4.1/psoc creator/import/gnu/arm/5.4.1/bin/../lib/gcc/arm-none-eabi/5.4.1/armv7-m/crtbegin.o
 .eh_frame      0x00001570        0x4 c:/program files (x86)/cypress/psoc creator/4.1/psoc creator/import/gnu/arm/5.4.1/bin/../lib/gcc/arm-none-eabi/5.4.1/armv7-m/crtend.o
                [!provide]                PROVIDE (__exidx_start, .)

.ARM.exidx
 *(.ARM.exidx* .gnu.linkonce.armexidx.*)
                0x00001574                __exidx_end = .

.rodata         0x00001574      0x104
 *(.rodata .rodata.* .gnu.linkonce.r.*)
 .rodata.str1.4
                0x00001574       0x61 .\CortexM3\ARM_GCC_541\Debug\main.o
 *fill*         0x000015d5        0x3 
 .rodata.str1.4
                0x000015d8       0x14 .\CortexM3\ARM_GCC_541\Debug\iprintf.o
                                 0x11 (size before relaxing)
 .rodata        0x000015ec       0x56 .\CortexM3\ARM_GCC_541\Debug\cyfitter_cfg.o
 .rodata.str1.1
                0x00001642        0x2 c:/program files (x86)/cypress/psoc creator/4.1/psoc creator/import/gnu/arm/5.4.1/bin/../lib/gcc/arm-none-eabi/5.4.1/../../../../arm-none-eabi/lib/armv7-m\libg_nano.a(lib_a-impure.o)
                0x00001644                . = ALIGN (0x4)
 *(.init)
 .init          0x00001644        0x4 c:/program files (x86)/cypress/psoc creator/4.1/psoc creator/import/gnu/arm/5.4.1/bin/../lib/gcc/arm-none-eabi/5.4.1/armv7-m/crti.o
                0x00001644                _init
 .init          0x00001648        0x8 c:/program files (x86)/cypress/psoc creator/4.1/psoc creator/import/gnu/arm/5.4.1/bin/../lib/gcc/arm-none-eabi/5.4.1/armv7-m/crtn.o
                0x00001650                . = ALIGN (0x4)
                0x00001650                __preinit_array_start = .
 *(.preinit_array)
                0x00001650                __preinit_array_end = .
                0x00001650                . = ALIGN (0x4)
                0x00001650                __init_array_start = .
 *(SORT(.init_array.*))
 *(.init_array)
 .init_array    0x00001650        0x4 c:/program files (x86)/cypress/psoc creator/4.1/psoc creator/import/gnu/arm/5.4.1/bin/../lib/gcc/arm-none-eabi/5.4.1/armv7-m/crtbegin.o
 .init_array    0x00001654        0x4 .\CortexM3\ARM_GCC_541\Debug\Cm3Start.o
                0x00001658                __init_array_end = .
                0x00001658                . = ALIGN (0x4)
 *(.fini)
 .fini          0x00001658        0x4 c:/program files (x86)/cypress/psoc creator/4.1/psoc creator/import/gnu/arm/5.4.1/bin/../lib/gcc/arm-none-eabi/5.4.1/armv7-m/crti.o
                0x00001658                _fini
 .fini          0x0000165c        0x8 c:/program files (x86)/cypress/psoc creator/4.1/psoc creator/import/gnu/arm/5.4.1/bin/../lib/gcc/arm-none-eabi/5.4.1/armv7-m/crtn.o
                0x00001664                . = ALIGN (0x4)
                0x00001664                __fini_array_start = .
 *(.fini_array)
 .fini_array    0x00001664        0x4 c:/program files (x86)/cypress/psoc creator/4.1/psoc creator/import/gnu/arm/5.4.1/bin/../lib/gcc/arm-none-eabi/5.4.1/armv7-m/crtbegin.o
 *(SORT(.fini_array.*))
                0x00001668                __fini_array_end = .
                0x00001668                . = ALIGN (0x4)
 *crtbegin.o(.ctors)
 *(EXCLUDE_FILE(*crtend.o) .ctors)
 *(SORT(.ctors.*))
 *crtend.o(.ctors)
                0x00001668                . = ALIGN (0x4)
 *crtbegin.o(.dtors)
 *(EXCLUDE_FILE(*crtend.o) .dtors)
 *(SORT(.dtors.*))
 *crtend.o(.dtors)
                0x00001668                . = ALIGN (0x4)
                0x00001668                __cy_regions = .
                0x00001668        0x4 LONG 0x1678 __cy_region_init_ram
                0x0000166c        0x4 LONG 0x1fff80c8 __cy_region_start_data
                0x00001670        0x4 LONG 0x88 __cy_region_init_size_ram
                0x00001674        0x4 LONG 0x25c0 __cy_region_zero_size_ram
                0x00001678                __cy_regions_end = .
                0x00001678                . = ALIGN (0x8)
                0x00001678                _etext = .

.cy_checksum_exclude
                0x00001678        0x0
 *(.cy_checksum_exclude)

.ramvectors     0x1fff8000       0xc0
                0x1fff8000                __cy_region_start_ram = .
 *(.ramvectors)
 .ramvectors    0x1fff8000       0xc0 .\CortexM3\ARM_GCC_541\Debug\Cm3Start.o
                0x1fff8000                CyRamVectors

.noinit         0x1fff80c0        0x1
 *(.noinit)
 .noinit        0x1fff80c0        0x1 .\CortexM3\ARM_GCC_541\Debug\Composite_Decoder.a(CyLib.o)
                0x1fff80c0                CyResetStatus

.data           0x1fff80c8       0x88 load address 0x00001678
                0x1fff80c8                __cy_region_start_data = .
 *(.jcr)
 .jcr           0x1fff80c8        0x0 c:/program files (x86)/cypress/psoc creator/4.1/psoc creator/import/gnu/arm/5.4.1/bin/../lib/gcc/arm-none-eabi/5.4.1/armv7-m/crtbegin.o
 .jcr           0x1fff80c8        0x4 c:/program files (x86)/cypress/psoc creator/4.1/psoc creator/import/gnu/arm/5.4.1/bin/../lib/gcc/arm-none-eabi/5.4.1/armv7-m/crtend.o
 *(.got.plt)
 *(.got)
 *(.shdata)
 *(.data .data.* .gnu.linkonce.d.*)
 .data          0x1fff80cc        0x8 .\CortexM3\ARM_GCC_541\Debug\Composite_Decoder.a(CyDmac.o)
 .data          0x1fff80d4       0x10 .\CortexM3\ARM_GCC_541\Debug\Composite_Decoder.a(CyLib.o)
                0x1fff80d4                cydelay_32k_ms
                0x1fff80d8                cydelay_freq_khz
                0x1fff80dc                cydelay_freq_mhz
                0x1fff80e0                cydelay_freq_hz
 .data          0x1fff80e4        0x1 .\CortexM3\ARM_GCC_541\Debug\Composite_Decoder.a(DMA_dma.o)
                0x1fff80e4                DMA_DmaHandle
 .data          0x1fff80e5        0x1 .\CortexM3\ARM_GCC_541\Debug\Composite_Decoder.a(ShiftReg_DMA_dma.o)
                0x1fff80e5                ShiftReg_DMA_DmaHandle
 *fill*         0x1fff80e6        0x2 
 .data.impure_data
                0x1fff80e8       0x60 c:/program files (x86)/cypress/psoc creator/4.1/psoc creator/import/gnu/arm/5.4.1/bin/../lib/gcc/arm-none-eabi/5.4.1/../../../../arm-none-eabi/lib/armv7-m\libg_nano.a(lib_a-impure.o)
 .data._impure_ptr
                0x1fff8148        0x4 c:/program files (x86)/cypress/psoc creator/4.1/psoc creator/import/gnu/arm/5.4.1/bin/../lib/gcc/arm-none-eabi/5.4.1/../../../../arm-none-eabi/lib/armv7-m\libg_nano.a(lib_a-impure.o)
                0x1fff8148                _impure_ptr
                0x1fff8150                . = ALIGN (0x8)
 *fill*         0x1fff814c        0x4 
 *(.ram)
                0x1fff8150                _edata = .

.igot.plt       0x1fff8150        0x0 load address 0x00001700
 .igot.plt      0x1fff8150        0x0 c:/program files (x86)/cypress/psoc creator/4.1/psoc creator/import/gnu/arm/5.4.1/bin/../lib/gcc/arm-none-eabi/5.4.1/armv7-m/crtbegin.o

.bss            0x1fff8150     0x25c0 load address 0x00001700
                0x1fff8150                PROVIDE (__bss_start__, .)
 *(.shbss)
 *(.bss .bss.* .gnu.linkonce.b.*)
 .bss           0x1fff8150       0x1c c:/program files (x86)/cypress/psoc creator/4.1/psoc creator/import/gnu/arm/5.4.1/bin/../lib/gcc/arm-none-eabi/5.4.1/armv7-m/crtbegin.o
 .bss           0x1fff816c        0x1 .\CortexM3\ARM_GCC_541\Debug\Composite_Decoder.a(ShiftReg_1.o)
                0x1fff816c                ShiftReg_1_initVar
 .bss           0x1fff816d        0x1 .\CortexM3\ARM_GCC_541\Debug\Composite_Decoder.a(PWM_1.o)
                0x1fff816d                PWM_1_initVar
 .bss           0x1fff816e        0x1 .\CortexM3\ARM_GCC_541\Debug\Composite_Decoder.a(Trigger_Reference.o)
                0x1fff816e                Trigger_Reference_initVar
 .bss           0x1fff816f        0x1 .\CortexM3\ARM_GCC_541\Debug\Composite_Decoder.a(Trigger_Comp.o)
                0x1fff816f                Trigger_Comp_initVar
 .bss           0x1fff8170        0x1 .\CortexM3\ARM_GCC_541\Debug\Composite_Decoder.a(Pixel_ShiftReg.o)
                0x1fff8170                Pixel_ShiftReg_initVar
 .bss           0x1fff8171        0x1 .\CortexM3\ARM_GCC_541\Debug\Composite_Decoder.a(Pixel_ShiftReg_1.o)
                0x1fff8171                Pixel_ShiftReg_1_initVar
 .bss           0x1fff8172        0x1 .\CortexM3\ARM_GCC_541\Debug\Composite_Decoder.a(Comp_1.o)
                0x1fff8172                Comp_1_initVar
 .bss           0x1fff8173        0x1 .\CortexM3\ARM_GCC_541\Debug\Composite_Decoder.a(VDAC8_1.o)
                0x1fff8173                VDAC8_1_initVar
 .bss           0x1fff8174        0x2 .\CortexM3\ARM_GCC_541\Debug\Composite_Decoder.a(UART_1.o)
                0x1fff8174                UART_1_initVar
 *(COMMON)
 *fill*         0x1fff8176        0x2 
 COMMON         0x1fff8178     0x2598 .\CortexM3\ARM_GCC_541\Debug\main.o
                0x1fff8178                midX
                0x1fff817c                midY
                0x1fff8180                temp
                0x1fff8184                DMA_TD
                0x1fff8188                lcdPixels
                0x1fffa708                DMA_Chan
                0x1fffa709                ShiftReg_DMA_Chan
                0x1fffa70c                ShiftReg_DMA_TD
                0x1fffa710                . = ALIGN (0x8)
 *(.ram.b)
                0x1fffa710                _end = .
                0x1fffa710                __end = .
                0x1fffa710                PROVIDE (end, .)
                0x1fffa710                PROVIDE (__bss_end__, .)
                0x00001678                __cy_region_init_ram = LOADADDR (.data)
                0x00000088                __cy_region_init_size_ram = (_edata - ADDR (.data))
                0x000025c0                __cy_region_zero_size_ram = (_end - _edata)

.heap           0x1fffa710       0x80 load address 0x00001700
                0x1fffa710                . = _end
                0x1fffa790                . = (. + 0x80)
 *fill*         0x1fffa710       0x80 
                0x1fffa790                __cy_heap_limit = .

.stack          0x20007800      0x800
                0x20007800                __cy_stack_limit = .
                0x20008000                . = (. + 0x800)
 *fill*         0x20007800      0x800 
                0x00000001                ASSERT ((__cy_stack_limit >= __cy_heap_limit), region RAM overflowed with stack)
                0x00000000                cy_checksum_exclude_size = (CY_APPL_LOADABLE == 0x1)?SIZEOF (.cy_checksum_exclude):0x0
                0x00000001                ASSERT ((cy_checksum_exclude_size <= CY_CHECKSUM_EXCLUDE_SIZE), CY_BOOT: Section .cy_checksum_exclude size exceedes specified limit.)

.cyloadermeta
 *(.cyloadermeta)

.cyloadablemeta
 *(.cyloadablemeta)

.cyconfigecc    0x80000000      0xf48
 *(.cyconfigecc)
 .cyconfigecc   0x80000000      0xf48 .\CortexM3\ARM_GCC_541\Debug\cymetadata.o
                0x80000000                cy_meta_configecc

.cycustnvl      0x90000000        0x4
 *(.cycustnvl)
 .cycustnvl     0x90000000        0x4 .\CortexM3\ARM_GCC_541\Debug\cymetadata.o
                0x90000000                cy_meta_custnvl

.cywolatch      0x90100000        0x4
 *(.cywolatch)
 .cywolatch     0x90100000        0x4 .\CortexM3\ARM_GCC_541\Debug\cymetadata.o
                0x90100000                cy_meta_wonvl

.cyeeprom       0x90200000        0x0
 *(.cyeeprom)
                0x00000001                ASSERT ((. <= ((0x90200000 + ee_offset) + ee_size)), .cyeeprom data will not fit in EEPROM)

.cyflashprotect
                0x90400000      0x100
 *(.cyflashprotect)
 .cyflashprotect
                0x90400000      0x100 .\CortexM3\ARM_GCC_541\Debug\cymetadata.o
                0x90400000                cy_meta_flashprotect

.cymeta         0x90500000        0xc
 *(.cymeta)
 .cymeta        0x90500000        0xc .\CortexM3\ARM_GCC_541\Debug\cymetadata.o
                0x90500000                cy_metadata

.rel.dyn        0x00001700        0x0 load address 0x9050000c
 .rel.iplt      0x00001700        0x0 c:/program files (x86)/cypress/psoc creator/4.1/psoc creator/import/gnu/arm/5.4.1/bin/../lib/gcc/arm-none-eabi/5.4.1/armv7-m/crtbegin.o

.stab
 *(.stab)

.stabstr
 *(.stabstr)

.debug
 *(.debug)

.line
 *(.line)

.debug_srcinfo
 *(.debug_srcinfo)

.debug_sfnames
 *(.debug_sfnames)

.debug_aranges  0x00000000      0xe28
 *(.debug_aranges)
 .debug_aranges
                0x00000000       0x38 .\CortexM3\ARM_GCC_541\Debug\main.o
 .debug_aranges
                0x00000038       0x48 .\CortexM3\ARM_GCC_541\Debug\LCD.o
 .debug_aranges
                0x00000080       0x30 .\CortexM3\ARM_GCC_541\Debug\iprintf.o
 .debug_aranges
                0x000000b0       0x58 .\CortexM3\ARM_GCC_541\Debug\cyfitter_cfg.o
 .debug_aranges
                0x00000108       0x18 .\CortexM3\ARM_GCC_541\Debug\cymetadata.o
 .debug_aranges
                0x00000120       0x48 .\CortexM3\ARM_GCC_541\Debug\Cm3Start.o
 .debug_aranges
                0x00000168       0xd8 .\CortexM3\ARM_GCC_541\Debug\Composite_Decoder.a(CyDmac.o)
 .debug_aranges
                0x00000240      0x2a0 .\CortexM3\ARM_GCC_541\Debug\Composite_Decoder.a(CyLib.o)
 .debug_aranges
                0x000004e0       0x98 .\CortexM3\ARM_GCC_541\Debug\Composite_Decoder.a(cyPm.o)
 .debug_aranges
                0x00000578       0x28 .\CortexM3\ARM_GCC_541\Debug\Composite_Decoder.a(LCD_Data_Reg.o)
 .debug_aranges
                0x000005a0       0x38 .\CortexM3\ARM_GCC_541\Debug\Composite_Decoder.a(LCD_RST.o)
 .debug_aranges
                0x000005d8       0x38 .\CortexM3\ARM_GCC_541\Debug\Composite_Decoder.a(LCD_CS.o)
 .debug_aranges
                0x00000610       0x38 .\CortexM3\ARM_GCC_541\Debug\Composite_Decoder.a(LCD_RS.o)
 .debug_aranges
                0x00000648       0x38 .\CortexM3\ARM_GCC_541\Debug\Composite_Decoder.a(LCD_RD.o)
 .debug_aranges
                0x00000680       0x28 .\CortexM3\ARM_GCC_541\Debug\Composite_Decoder.a(LCD_WR_REG.o)
 .debug_aranges
                0x000006a8       0x78 .\CortexM3\ARM_GCC_541\Debug\Composite_Decoder.a(ShiftReg_1.o)
 .debug_aranges
                0x00000720       0x90 .\CortexM3\ARM_GCC_541\Debug\Composite_Decoder.a(PWM_1.o)
 .debug_aranges
                0x000007b0       0x28 .\CortexM3\ARM_GCC_541\Debug\Composite_Decoder.a(DMA_dma.o)
 .debug_aranges
                0x000007d8       0x58 .\CortexM3\ARM_GCC_541\Debug\Composite_Decoder.a(Trigger_Reference.o)
 .debug_aranges
                0x00000830       0x70 .\CortexM3\ARM_GCC_541\Debug\Composite_Decoder.a(Trigger_Comp.o)
 .debug_aranges
                0x000008a0       0x38 .\CortexM3\ARM_GCC_541\Debug\Composite_Decoder.a(Pin_8.o)
 .debug_aranges
                0x000008d8       0x78 .\CortexM3\ARM_GCC_541\Debug\Composite_Decoder.a(Pixel_ShiftReg.o)
 .debug_aranges
                0x00000950       0x28 .\CortexM3\ARM_GCC_541\Debug\Composite_Decoder.a(ShiftReg_DMA_dma.o)
 .debug_aranges
                0x00000978       0x80 .\CortexM3\ARM_GCC_541\Debug\Composite_Decoder.a(Pixel_ISR.o)
 .debug_aranges
                0x000009f8       0x70 .\CortexM3\ARM_GCC_541\Debug\Composite_Decoder.a(Pixel_ShiftReg_1.o)
 .debug_aranges
                0x00000a68       0x70 .\CortexM3\ARM_GCC_541\Debug\Composite_Decoder.a(Comp_1.o)
 .debug_aranges
                0x00000ad8       0x58 .\CortexM3\ARM_GCC_541\Debug\Composite_Decoder.a(VDAC8_1.o)
 .debug_aranges
                0x00000b30       0x80 .\CortexM3\ARM_GCC_541\Debug\Composite_Decoder.a(VSync_ISR.o)
 .debug_aranges
                0x00000bb0       0xf0 .\CortexM3\ARM_GCC_541\Debug\Composite_Decoder.a(UART_1.o)
 .debug_aranges
                0x00000ca0       0x70 .\CortexM3\ARM_GCC_541\Debug\Composite_Decoder.a(UART_1_IntClock.o)
 .debug_aranges
                0x00000d10       0x20 .\CortexM3\ARM_GCC_541\Debug\Composite_Decoder.a(CyBootAsmGnu.o)
 .debug_aranges
                0x00000d30       0x80 .\CortexM3\ARM_GCC_541\Debug\Composite_Decoder.a(CyFlash.o)
 .debug_aranges
                0x00000db0       0x78 .\CortexM3\ARM_GCC_541\Debug\Composite_Decoder.a(CySpc.o)

.debug_pubnames
 *(.debug_pubnames)

.debug_info     0x00000000     0x7f75
 *(.debug_info .gnu.linkonce.wi.*)
 .debug_info    0x00000000      0x955 .\CortexM3\ARM_GCC_541\Debug\main.o
 .debug_info    0x00000955      0x8bc .\CortexM3\ARM_GCC_541\Debug\LCD.o
 .debug_info    0x00001211      0x25f .\CortexM3\ARM_GCC_541\Debug\iprintf.o
 .debug_info    0x00001470      0x674 .\CortexM3\ARM_GCC_541\Debug\cyfitter_cfg.o
 .debug_info    0x00001ae4      0x139 .\CortexM3\ARM_GCC_541\Debug\cymetadata.o
 .debug_info    0x00001c1d      0x3cf .\CortexM3\ARM_GCC_541\Debug\Cm3Start.o
 .debug_info    0x00001fec      0x94e .\CortexM3\ARM_GCC_541\Debug\Composite_Decoder.a(CyDmac.o)
 .debug_info    0x0000293a     0x1374 .\CortexM3\ARM_GCC_541\Debug\Composite_Decoder.a(CyLib.o)
 .debug_info    0x00003cae      0xa2a .\CortexM3\ARM_GCC_541\Debug\Composite_Decoder.a(cyPm.o)
 .debug_info    0x000046d8       0xd6 .\CortexM3\ARM_GCC_541\Debug\Composite_Decoder.a(LCD_Data_Reg.o)
 .debug_info    0x000047ae      0x11f .\CortexM3\ARM_GCC_541\Debug\Composite_Decoder.a(LCD_RST.o)
 .debug_info    0x000048cd      0x11f .\CortexM3\ARM_GCC_541\Debug\Composite_Decoder.a(LCD_CS.o)
 .debug_info    0x000049ec      0x11f .\CortexM3\ARM_GCC_541\Debug\Composite_Decoder.a(LCD_RS.o)
 .debug_info    0x00004b0b      0x11f .\CortexM3\ARM_GCC_541\Debug\Composite_Decoder.a(LCD_RD.o)
 .debug_info    0x00004c2a       0xd6 .\CortexM3\ARM_GCC_541\Debug\Composite_Decoder.a(LCD_WR_REG.o)
 .debug_info    0x00004d00      0x2f4 .\CortexM3\ARM_GCC_541\Debug\Composite_Decoder.a(ShiftReg_1.o)
 .debug_info    0x00004ff4      0x2c4 .\CortexM3\ARM_GCC_541\Debug\Composite_Decoder.a(PWM_1.o)
 .debug_info    0x000052b8      0x1aa .\CortexM3\ARM_GCC_541\Debug\Composite_Decoder.a(DMA_dma.o)
 .debug_info    0x00005462      0x1e0 .\CortexM3\ARM_GCC_541\Debug\Composite_Decoder.a(Trigger_Reference.o)
 .debug_info    0x00005642      0x2c8 .\CortexM3\ARM_GCC_541\Debug\Composite_Decoder.a(Trigger_Comp.o)
 .debug_info    0x0000590a      0x11f .\CortexM3\ARM_GCC_541\Debug\Composite_Decoder.a(Pin_8.o)
 .debug_info    0x00005a29      0x2b4 .\CortexM3\ARM_GCC_541\Debug\Composite_Decoder.a(Pixel_ShiftReg.o)
 .debug_info    0x00005cdd      0x1a7 .\CortexM3\ARM_GCC_541\Debug\Composite_Decoder.a(ShiftReg_DMA_dma.o)
 .debug_info    0x00005e84      0x2d2 .\CortexM3\ARM_GCC_541\Debug\Composite_Decoder.a(Pixel_ISR.o)
 .debug_info    0x00006156      0x2bb .\CortexM3\ARM_GCC_541\Debug\Composite_Decoder.a(Pixel_ShiftReg_1.o)
 .debug_info    0x00006411      0x2c8 .\CortexM3\ARM_GCC_541\Debug\Composite_Decoder.a(Comp_1.o)
 .debug_info    0x000066d9      0x1e0 .\CortexM3\ARM_GCC_541\Debug\Composite_Decoder.a(VDAC8_1.o)
 .debug_info    0x000068b9      0x2d2 .\CortexM3\ARM_GCC_541\Debug\Composite_Decoder.a(VSync_ISR.o)
 .debug_info    0x00006b8b      0x60c .\CortexM3\ARM_GCC_541\Debug\Composite_Decoder.a(UART_1.o)
 .debug_info    0x00007197      0x283 .\CortexM3\ARM_GCC_541\Debug\Composite_Decoder.a(UART_1_IntClock.o)
 .debug_info    0x0000741a       0xba .\CortexM3\ARM_GCC_541\Debug\Composite_Decoder.a(CyBootAsmGnu.o)
 .debug_info    0x000074d4      0x5b8 .\CortexM3\ARM_GCC_541\Debug\Composite_Decoder.a(CyFlash.o)
 .debug_info    0x00007a8c      0x4e9 .\CortexM3\ARM_GCC_541\Debug\Composite_Decoder.a(CySpc.o)

.debug_abbrev   0x00000000     0x261f
 *(.debug_abbrev)
 .debug_abbrev  0x00000000      0x189 .\CortexM3\ARM_GCC_541\Debug\main.o
 .debug_abbrev  0x00000189       0xe3 .\CortexM3\ARM_GCC_541\Debug\LCD.o
 .debug_abbrev  0x0000026c      0x157 .\CortexM3\ARM_GCC_541\Debug\iprintf.o
 .debug_abbrev  0x000003c3      0x20d .\CortexM3\ARM_GCC_541\Debug\cyfitter_cfg.o
 .debug_abbrev  0x000005d0       0x77 .\CortexM3\ARM_GCC_541\Debug\cymetadata.o
 .debug_abbrev  0x00000647      0x1e8 .\CortexM3\ARM_GCC_541\Debug\Cm3Start.o
 .debug_abbrev  0x0000082f      0x1b2 .\CortexM3\ARM_GCC_541\Debug\Composite_Decoder.a(CyDmac.o)
 .debug_abbrev  0x000009e1      0x254 .\CortexM3\ARM_GCC_541\Debug\Composite_Decoder.a(CyLib.o)
 .debug_abbrev  0x00000c35      0x1ab .\CortexM3\ARM_GCC_541\Debug\Composite_Decoder.a(cyPm.o)
 .debug_abbrev  0x00000de0       0x81 .\CortexM3\ARM_GCC_541\Debug\Composite_Decoder.a(LCD_Data_Reg.o)
 .debug_abbrev  0x00000e61       0x90 .\CortexM3\ARM_GCC_541\Debug\Composite_Decoder.a(LCD_RST.o)
 .debug_abbrev  0x00000ef1       0x90 .\CortexM3\ARM_GCC_541\Debug\Composite_Decoder.a(LCD_CS.o)
 .debug_abbrev  0x00000f81       0x90 .\CortexM3\ARM_GCC_541\Debug\Composite_Decoder.a(LCD_RS.o)
 .debug_abbrev  0x00001011       0x90 .\CortexM3\ARM_GCC_541\Debug\Composite_Decoder.a(LCD_RD.o)
 .debug_abbrev  0x000010a1       0x81 .\CortexM3\ARM_GCC_541\Debug\Composite_Decoder.a(LCD_WR_REG.o)
 .debug_abbrev  0x00001122      0x162 .\CortexM3\ARM_GCC_541\Debug\Composite_Decoder.a(ShiftReg_1.o)
 .debug_abbrev  0x00001284      0x12d .\CortexM3\ARM_GCC_541\Debug\Composite_Decoder.a(PWM_1.o)
 .debug_abbrev  0x000013b1       0xcd .\CortexM3\ARM_GCC_541\Debug\Composite_Decoder.a(DMA_dma.o)
 .debug_abbrev  0x0000147e       0xf7 .\CortexM3\ARM_GCC_541\Debug\Composite_Decoder.a(Trigger_Reference.o)
 .debug_abbrev  0x00001575      0x16e .\CortexM3\ARM_GCC_541\Debug\Composite_Decoder.a(Trigger_Comp.o)
 .debug_abbrev  0x000016e3       0x90 .\CortexM3\ARM_GCC_541\Debug\Composite_Decoder.a(Pin_8.o)
 .debug_abbrev  0x00001773      0x153 .\CortexM3\ARM_GCC_541\Debug\Composite_Decoder.a(Pixel_ShiftReg.o)
 .debug_abbrev  0x000018c6       0xcd .\CortexM3\ARM_GCC_541\Debug\Composite_Decoder.a(ShiftReg_DMA_dma.o)
 .debug_abbrev  0x00001993      0x173 .\CortexM3\ARM_GCC_541\Debug\Composite_Decoder.a(Pixel_ISR.o)
 .debug_abbrev  0x00001b06      0x153 .\CortexM3\ARM_GCC_541\Debug\Composite_Decoder.a(Pixel_ShiftReg_1.o)
 .debug_abbrev  0x00001c59      0x16e .\CortexM3\ARM_GCC_541\Debug\Composite_Decoder.a(Comp_1.o)
 .debug_abbrev  0x00001dc7       0xf7 .\CortexM3\ARM_GCC_541\Debug\Composite_Decoder.a(VDAC8_1.o)
 .debug_abbrev  0x00001ebe      0x173 .\CortexM3\ARM_GCC_541\Debug\Composite_Decoder.a(VSync_ISR.o)
 .debug_abbrev  0x00002031      0x175 .\CortexM3\ARM_GCC_541\Debug\Composite_Decoder.a(UART_1.o)
 .debug_abbrev  0x000021a6      0x139 .\CortexM3\ARM_GCC_541\Debug\Composite_Decoder.a(UART_1_IntClock.o)
 .debug_abbrev  0x000022df       0x14 .\CortexM3\ARM_GCC_541\Debug\Composite_Decoder.a(CyBootAsmGnu.o)
 .debug_abbrev  0x000022f3      0x198 .\CortexM3\ARM_GCC_541\Debug\Composite_Decoder.a(CyFlash.o)
 .debug_abbrev  0x0000248b      0x194 .\CortexM3\ARM_GCC_541\Debug\Composite_Decoder.a(CySpc.o)

.debug_line     0x00000000     0x35e0
 *(.debug_line)
 .debug_line    0x00000000      0x392 .\CortexM3\ARM_GCC_541\Debug\main.o
 .debug_line    0x00000392      0x285 .\CortexM3\ARM_GCC_541\Debug\LCD.o
 .debug_line    0x00000617      0x1fd .\CortexM3\ARM_GCC_541\Debug\iprintf.o
 .debug_line    0x00000814      0x20c .\CortexM3\ARM_GCC_541\Debug\cyfitter_cfg.o
 .debug_line    0x00000a20      0x141 .\CortexM3\ARM_GCC_541\Debug\cymetadata.o
 .debug_line    0x00000b61      0x241 .\CortexM3\ARM_GCC_541\Debug\Cm3Start.o
 .debug_line    0x00000da2      0x2e4 .\CortexM3\ARM_GCC_541\Debug\Composite_Decoder.a(CyDmac.o)
 .debug_line    0x00001086      0x816 .\CortexM3\ARM_GCC_541\Debug\Composite_Decoder.a(CyLib.o)
 .debug_line    0x0000189c      0x367 .\CortexM3\ARM_GCC_541\Debug\Composite_Decoder.a(cyPm.o)
 .debug_line    0x00001c03       0x74 .\CortexM3\ARM_GCC_541\Debug\Composite_Decoder.a(LCD_Data_Reg.o)
 .debug_line    0x00001c77       0x94 .\CortexM3\ARM_GCC_541\Debug\Composite_Decoder.a(LCD_RST.o)
 .debug_line    0x00001d0b       0x93 .\CortexM3\ARM_GCC_541\Debug\Composite_Decoder.a(LCD_CS.o)
 .debug_line    0x00001d9e       0x93 .\CortexM3\ARM_GCC_541\Debug\Composite_Decoder.a(LCD_RS.o)
 .debug_line    0x00001e31       0x93 .\CortexM3\ARM_GCC_541\Debug\Composite_Decoder.a(LCD_RD.o)
 .debug_line    0x00001ec4       0x72 .\CortexM3\ARM_GCC_541\Debug\Composite_Decoder.a(LCD_WR_REG.o)
 .debug_line    0x00001f36      0x154 .\CortexM3\ARM_GCC_541\Debug\Composite_Decoder.a(ShiftReg_1.o)
 .debug_line    0x0000208a      0x15e .\CortexM3\ARM_GCC_541\Debug\Composite_Decoder.a(PWM_1.o)
 .debug_line    0x000021e8       0x80 .\CortexM3\ARM_GCC_541\Debug\Composite_Decoder.a(DMA_dma.o)
 .debug_line    0x00002268       0xee .\CortexM3\ARM_GCC_541\Debug\Composite_Decoder.a(Trigger_Reference.o)
 .debug_line    0x00002356      0x16b .\CortexM3\ARM_GCC_541\Debug\Composite_Decoder.a(Trigger_Comp.o)
 .debug_line    0x000024c1       0x92 .\CortexM3\ARM_GCC_541\Debug\Composite_Decoder.a(Pin_8.o)
 .debug_line    0x00002553      0x14b .\CortexM3\ARM_GCC_541\Debug\Composite_Decoder.a(Pixel_ShiftReg.o)
 .debug_line    0x0000269e       0x89 .\CortexM3\ARM_GCC_541\Debug\Composite_Decoder.a(ShiftReg_DMA_dma.o)
 .debug_line    0x00002727      0x136 .\CortexM3\ARM_GCC_541\Debug\Composite_Decoder.a(Pixel_ISR.o)
 .debug_line    0x0000285d      0x13b .\CortexM3\ARM_GCC_541\Debug\Composite_Decoder.a(Pixel_ShiftReg_1.o)
 .debug_line    0x00002998      0x165 .\CortexM3\ARM_GCC_541\Debug\Composite_Decoder.a(Comp_1.o)
 .debug_line    0x00002afd       0xe4 .\CortexM3\ARM_GCC_541\Debug\Composite_Decoder.a(VDAC8_1.o)
 .debug_line    0x00002be1      0x136 .\CortexM3\ARM_GCC_541\Debug\Composite_Decoder.a(VSync_ISR.o)
 .debug_line    0x00002d17      0x2c0 .\CortexM3\ARM_GCC_541\Debug\Composite_Decoder.a(UART_1.o)
 .debug_line    0x00002fd7      0x17e .\CortexM3\ARM_GCC_541\Debug\Composite_Decoder.a(UART_1_IntClock.o)
 .debug_line    0x00003155       0x66 .\CortexM3\ARM_GCC_541\Debug\Composite_Decoder.a(CyBootAsmGnu.o)
 .debug_line    0x000031bb      0x1e9 .\CortexM3\ARM_GCC_541\Debug\Composite_Decoder.a(CyFlash.o)
 .debug_line    0x000033a4      0x23c .\CortexM3\ARM_GCC_541\Debug\Composite_Decoder.a(CySpc.o)

.debug_frame    0x00000000     0x21f0
 *(.debug_frame)
 .debug_frame   0x00000000       0x84 .\CortexM3\ARM_GCC_541\Debug\main.o
 .debug_frame   0x00000084       0xc8 .\CortexM3\ARM_GCC_541\Debug\LCD.o
 .debug_frame   0x0000014c       0x88 .\CortexM3\ARM_GCC_541\Debug\iprintf.o
 .debug_frame   0x000001d4       0xe4 .\CortexM3\ARM_GCC_541\Debug\cyfitter_cfg.o
 .debug_frame   0x000002b8       0xb8 .\CortexM3\ARM_GCC_541\Debug\Cm3Start.o
 .debug_frame   0x00000370      0x1f8 .\CortexM3\ARM_GCC_541\Debug\Composite_Decoder.a(CyDmac.o)
 .debug_frame   0x00000568      0x738 .\CortexM3\ARM_GCC_541\Debug\Composite_Decoder.a(CyLib.o)
 .debug_frame   0x00000ca0      0x1f8 .\CortexM3\ARM_GCC_541\Debug\Composite_Decoder.a(cyPm.o)
 .debug_frame   0x00000e98       0x30 .\CortexM3\ARM_GCC_541\Debug\Composite_Decoder.a(LCD_Data_Reg.o)
 .debug_frame   0x00000ec8       0x50 .\CortexM3\ARM_GCC_541\Debug\Composite_Decoder.a(LCD_RST.o)
 .debug_frame   0x00000f18       0x50 .\CortexM3\ARM_GCC_541\Debug\Composite_Decoder.a(LCD_CS.o)
 .debug_frame   0x00000f68       0x50 .\CortexM3\ARM_GCC_541\Debug\Composite_Decoder.a(LCD_RS.o)
 .debug_frame   0x00000fb8       0x50 .\CortexM3\ARM_GCC_541\Debug\Composite_Decoder.a(LCD_RD.o)
 .debug_frame   0x00001008       0x30 .\CortexM3\ARM_GCC_541\Debug\Composite_Decoder.a(LCD_WR_REG.o)
 .debug_frame   0x00001038      0x130 .\CortexM3\ARM_GCC_541\Debug\Composite_Decoder.a(ShiftReg_1.o)
 .debug_frame   0x00001168      0x118 .\CortexM3\ARM_GCC_541\Debug\Composite_Decoder.a(PWM_1.o)
 .debug_frame   0x00001280       0x54 .\CortexM3\ARM_GCC_541\Debug\Composite_Decoder.a(DMA_dma.o)
 .debug_frame   0x000012d4       0xb4 .\CortexM3\ARM_GCC_541\Debug\Composite_Decoder.a(Trigger_Reference.o)
 .debug_frame   0x00001388      0x108 .\CortexM3\ARM_GCC_541\Debug\Composite_Decoder.a(Trigger_Comp.o)
 .debug_frame   0x00001490       0x50 .\CortexM3\ARM_GCC_541\Debug\Composite_Decoder.a(Pin_8.o)
 .debug_frame   0x000014e0      0x124 .\CortexM3\ARM_GCC_541\Debug\Composite_Decoder.a(Pixel_ShiftReg.o)
 .debug_frame   0x00001604       0x54 .\CortexM3\ARM_GCC_541\Debug\Composite_Decoder.a(ShiftReg_DMA_dma.o)
 .debug_frame   0x00001658      0x104 .\CortexM3\ARM_GCC_541\Debug\Composite_Decoder.a(Pixel_ISR.o)
 .debug_frame   0x0000175c      0x114 .\CortexM3\ARM_GCC_541\Debug\Composite_Decoder.a(Pixel_ShiftReg_1.o)
 .debug_frame   0x00001870      0x108 .\CortexM3\ARM_GCC_541\Debug\Composite_Decoder.a(Comp_1.o)
 .debug_frame   0x00001978       0xb4 .\CortexM3\ARM_GCC_541\Debug\Composite_Decoder.a(VDAC8_1.o)
 .debug_frame   0x00001a2c      0x104 .\CortexM3\ARM_GCC_541\Debug\Composite_Decoder.a(VSync_ISR.o)
 .debug_frame   0x00001b30      0x250 .\CortexM3\ARM_GCC_541\Debug\Composite_Decoder.a(UART_1.o)
 .debug_frame   0x00001d80       0xe0 .\CortexM3\ARM_GCC_541\Debug\Composite_Decoder.a(UART_1_IntClock.o)
 .debug_frame   0x00001e60      0x174 .\CortexM3\ARM_GCC_541\Debug\Composite_Decoder.a(CyFlash.o)
 .debug_frame   0x00001fd4      0x160 .\CortexM3\ARM_GCC_541\Debug\Composite_Decoder.a(CySpc.o)
 .debug_frame   0x00002134       0x20 c:/program files (x86)/cypress/psoc creator/4.1/psoc creator/import/gnu/arm/5.4.1/bin/../lib/gcc/arm-none-eabi/5.4.1/../../../../arm-none-eabi/lib/armv7-m\libg_nano.a(lib_a-errno.o)
 .debug_frame   0x00002154       0x28 c:/program files (x86)/cypress/psoc creator/4.1/psoc creator/import/gnu/arm/5.4.1/bin/../lib/gcc/arm-none-eabi/5.4.1/../../../../arm-none-eabi/lib/armv7-m\libg_nano.a(lib_a-exit.o)
 .debug_frame   0x0000217c       0x2c c:/program files (x86)/cypress/psoc creator/4.1/psoc creator/import/gnu/arm/5.4.1/bin/../lib/gcc/arm-none-eabi/5.4.1/../../../../arm-none-eabi/lib/armv7-m\libg_nano.a(lib_a-init.o)
 .debug_frame   0x000021a8       0x28 c:/program files (x86)/cypress/psoc creator/4.1/psoc creator/import/gnu/arm/5.4.1/bin/../lib/gcc/arm-none-eabi/5.4.1/../../../../arm-none-eabi/lib/armv7-m\libg_nano.a(lib_a-memcpy-stub.o)
 .debug_frame   0x000021d0       0x20 c:/program files (x86)/cypress/psoc creator/4.1/psoc creator/import/gnu/arm/5.4.1/bin/../lib/gcc/arm-none-eabi/5.4.1/../../../../arm-none-eabi/lib/armv7-m\libg_nano.a(lib_a-memset.o)

.debug_str      0x00000000     0x2a91
 *(.debug_str)
 .debug_str     0x00000000      0x404 .\CortexM3\ARM_GCC_541\Debug\main.o
                                0x47f (size before relaxing)
 .debug_str     0x00000404       0x61 .\CortexM3\ARM_GCC_541\Debug\LCD.o
                                0x271 (size before relaxing)
 .debug_str     0x00000465       0x5b .\CortexM3\ARM_GCC_541\Debug\iprintf.o
                                0x22b (size before relaxing)
 .debug_str     0x000004c0      0x196 .\CortexM3\ARM_GCC_541\Debug\cyfitter_cfg.o
                                0x35f (size before relaxing)
 .debug_str     0x00000656       0xeb .\CortexM3\ARM_GCC_541\Debug\cymetadata.o
                                0x20e (size before relaxing)
 .debug_str     0x00000741      0x154 .\CortexM3\ARM_GCC_541\Debug\Cm3Start.o
                                0x335 (size before relaxing)
 .debug_str     0x00000895      0x312 .\CortexM3\ARM_GCC_541\Debug\Composite_Decoder.a(CyDmac.o)
                                0x565 (size before relaxing)
 .debug_str     0x00000ba7      0x7f1 .\CortexM3\ARM_GCC_541\Debug\Composite_Decoder.a(CyLib.o)
                                0xa62 (size before relaxing)
 .debug_str     0x00001398      0x365 .\CortexM3\ARM_GCC_541\Debug\Composite_Decoder.a(cyPm.o)
                                0x74e (size before relaxing)
 .debug_str     0x000016fd       0x40 .\CortexM3\ARM_GCC_541\Debug\Composite_Decoder.a(LCD_Data_Reg.o)
                                0x1df (size before relaxing)
 .debug_str     0x0000173d       0x62 .\CortexM3\ARM_GCC_541\Debug\Composite_Decoder.a(LCD_RST.o)
                                0x207 (size before relaxing)
 .debug_str     0x0000179f       0x53 .\CortexM3\ARM_GCC_541\Debug\Composite_Decoder.a(LCD_CS.o)
                                0x202 (size before relaxing)
 .debug_str     0x000017f2       0x53 .\CortexM3\ARM_GCC_541\Debug\Composite_Decoder.a(LCD_RS.o)
                                0x202 (size before relaxing)
 .debug_str     0x00001845       0x53 .\CortexM3\ARM_GCC_541\Debug\Composite_Decoder.a(LCD_RD.o)
                                0x202 (size before relaxing)
 .debug_str     0x00001898       0x34 .\CortexM3\ARM_GCC_541\Debug\Composite_Decoder.a(LCD_WR_REG.o)
                                0x1d9 (size before relaxing)
 .debug_str     0x000018cc       0x61 .\CortexM3\ARM_GCC_541\Debug\Composite_Decoder.a(ShiftReg_1.o)
                                0x340 (size before relaxing)
 .debug_str     0x0000192d      0x149 .\CortexM3\ARM_GCC_541\Debug\Composite_Decoder.a(PWM_1.o)
                                0x305 (size before relaxing)
 .debug_str     0x00001a76       0x5c .\CortexM3\ARM_GCC_541\Debug\Composite_Decoder.a(DMA_dma.o)
                                0x27f (size before relaxing)
 .debug_str     0x00001ad2      0x103 .\CortexM3\ARM_GCC_541\Debug\Composite_Decoder.a(Trigger_Reference.o)
                                0x2b2 (size before relaxing)
 .debug_str     0x00001bd5      0x16f .\CortexM3\ARM_GCC_541\Debug\Composite_Decoder.a(Trigger_Comp.o)
                                0x341 (size before relaxing)
 .debug_str     0x00001d44       0x50 .\CortexM3\ARM_GCC_541\Debug\Composite_Decoder.a(Pin_8.o)
                                0x1fd (size before relaxing)
 .debug_str     0x00001d94      0x138 .\CortexM3\ARM_GCC_541\Debug\Composite_Decoder.a(Pixel_ShiftReg.o)
                                0x36e (size before relaxing)
 .debug_str     0x00001ecc       0x59 .\CortexM3\ARM_GCC_541\Debug\Composite_Decoder.a(ShiftReg_DMA_dma.o)
                                0x2a3 (size before relaxing)
 .debug_str     0x00001f25      0x10c .\CortexM3\ARM_GCC_541\Debug\Composite_Decoder.a(Pixel_ISR.o)
                                0x2f9 (size before relaxing)
 .debug_str     0x00002031      0x154 .\CortexM3\ARM_GCC_541\Debug\Composite_Decoder.a(Pixel_ShiftReg_1.o)
                                0x37d (size before relaxing)
 .debug_str     0x00002185       0xe1 .\CortexM3\ARM_GCC_541\Debug\Composite_Decoder.a(Comp_1.o)
                                0x2f3 (size before relaxing)
 .debug_str     0x00002266       0x8c .\CortexM3\ARM_GCC_541\Debug\Composite_Decoder.a(VDAC8_1.o)
                                0x24e (size before relaxing)
 .debug_str     0x000022f2      0x10c .\CortexM3\ARM_GCC_541\Debug\Composite_Decoder.a(VSync_ISR.o)
                                0x2f9 (size before relaxing)
 .debug_str     0x000023fe      0x2bb .\CortexM3\ARM_GCC_541\Debug\Composite_Decoder.a(UART_1.o)
                                0x4ce (size before relaxing)
 .debug_str     0x000026b9      0x197 .\CortexM3\ARM_GCC_541\Debug\Composite_Decoder.a(UART_1_IntClock.o)
                                0x369 (size before relaxing)
 .debug_str     0x00002850      0x195 .\CortexM3\ARM_GCC_541\Debug\Composite_Decoder.a(CyFlash.o)
                                0x3bc (size before relaxing)
 .debug_str     0x000029e5       0xac .\CortexM3\ARM_GCC_541\Debug\Composite_Decoder.a(CySpc.o)
                                0x345 (size before relaxing)

.debug_loc      0x00000000     0x3665
 *(.debug_loc)
 .debug_loc     0x00000000      0x193 .\CortexM3\ARM_GCC_541\Debug\main.o
 .debug_loc     0x00000193      0x15b .\CortexM3\ARM_GCC_541\Debug\LCD.o
 .debug_loc     0x000002ee      0x258 .\CortexM3\ARM_GCC_541\Debug\iprintf.o
 .debug_loc     0x00000546      0x289 .\CortexM3\ARM_GCC_541\Debug\cyfitter_cfg.o
 .debug_loc     0x000007cf      0x144 .\CortexM3\ARM_GCC_541\Debug\Cm3Start.o
 .debug_loc     0x00000913      0xb8e .\CortexM3\ARM_GCC_541\Debug\Composite_Decoder.a(CyDmac.o)
 .debug_loc     0x000014a1      0xa11 .\CortexM3\ARM_GCC_541\Debug\Composite_Decoder.a(CyLib.o)
 .debug_loc     0x00001eb2      0x1e4 .\CortexM3\ARM_GCC_541\Debug\Composite_Decoder.a(cyPm.o)
 .debug_loc     0x00002096       0x42 .\CortexM3\ARM_GCC_541\Debug\Composite_Decoder.a(LCD_RST.o)
 .debug_loc     0x000020d8       0x42 .\CortexM3\ARM_GCC_541\Debug\Composite_Decoder.a(LCD_CS.o)
 .debug_loc     0x0000211a       0x42 .\CortexM3\ARM_GCC_541\Debug\Composite_Decoder.a(LCD_RS.o)
 .debug_loc     0x0000215c       0x42 .\CortexM3\ARM_GCC_541\Debug\Composite_Decoder.a(LCD_RD.o)
 .debug_loc     0x0000219e      0x15b .\CortexM3\ARM_GCC_541\Debug\Composite_Decoder.a(ShiftReg_1.o)
 .debug_loc     0x000022f9       0x13 .\CortexM3\ARM_GCC_541\Debug\Composite_Decoder.a(PWM_1.o)
 .debug_loc     0x0000230c       0x84 .\CortexM3\ARM_GCC_541\Debug\Composite_Decoder.a(DMA_dma.o)
 .debug_loc     0x00002390       0x79 .\CortexM3\ARM_GCC_541\Debug\Composite_Decoder.a(Trigger_Reference.o)
 .debug_loc     0x00002409       0xed .\CortexM3\ARM_GCC_541\Debug\Composite_Decoder.a(Trigger_Comp.o)
 .debug_loc     0x000024f6       0x42 .\CortexM3\ARM_GCC_541\Debug\Composite_Decoder.a(Pin_8.o)
 .debug_loc     0x00002538       0xec .\CortexM3\ARM_GCC_541\Debug\Composite_Decoder.a(Pixel_ShiftReg.o)
 .debug_loc     0x00002624       0x84 .\CortexM3\ARM_GCC_541\Debug\Composite_Decoder.a(ShiftReg_DMA_dma.o)
 .debug_loc     0x000026a8       0x56 .\CortexM3\ARM_GCC_541\Debug\Composite_Decoder.a(Pixel_ISR.o)
 .debug_loc     0x000026fe       0xec .\CortexM3\ARM_GCC_541\Debug\Composite_Decoder.a(Pixel_ShiftReg_1.o)
 .debug_loc     0x000027ea       0xed .\CortexM3\ARM_GCC_541\Debug\Composite_Decoder.a(Comp_1.o)
 .debug_loc     0x000028d7       0x79 .\CortexM3\ARM_GCC_541\Debug\Composite_Decoder.a(VDAC8_1.o)
 .debug_loc     0x00002950       0x56 .\CortexM3\ARM_GCC_541\Debug\Composite_Decoder.a(VSync_ISR.o)
 .debug_loc     0x000029a6      0x258 .\CortexM3\ARM_GCC_541\Debug\Composite_Decoder.a(UART_1.o)
 .debug_loc     0x00002bfe      0x128 .\CortexM3\ARM_GCC_541\Debug\Composite_Decoder.a(UART_1_IntClock.o)
 .debug_loc     0x00002d26      0x2f2 .\CortexM3\ARM_GCC_541\Debug\Composite_Decoder.a(CyFlash.o)
 .debug_loc     0x00003018      0x64d .\CortexM3\ARM_GCC_541\Debug\Composite_Decoder.a(CySpc.o)

.debug_macinfo
 *(.debug_macinfo)

.debug_ranges   0x00000000      0xc00
 *(.debug_ranges)
 .debug_ranges  0x00000000       0x28 .\CortexM3\ARM_GCC_541\Debug\main.o
 .debug_ranges  0x00000028       0x38 .\CortexM3\ARM_GCC_541\Debug\LCD.o
 .debug_ranges  0x00000060       0x20 .\CortexM3\ARM_GCC_541\Debug\iprintf.o
 .debug_ranges  0x00000080       0x48 .\CortexM3\ARM_GCC_541\Debug\cyfitter_cfg.o
 .debug_ranges  0x000000c8       0x38 .\CortexM3\ARM_GCC_541\Debug\Cm3Start.o
 .debug_ranges  0x00000100       0xc8 .\CortexM3\ARM_GCC_541\Debug\Composite_Decoder.a(CyDmac.o)
 .debug_ranges  0x000001c8      0x290 .\CortexM3\ARM_GCC_541\Debug\Composite_Decoder.a(CyLib.o)
 .debug_ranges  0x00000458       0x88 .\CortexM3\ARM_GCC_541\Debug\Composite_Decoder.a(cyPm.o)
 .debug_ranges  0x000004e0       0x18 .\CortexM3\ARM_GCC_541\Debug\Composite_Decoder.a(LCD_Data_Reg.o)
 .debug_ranges  0x000004f8       0x28 .\CortexM3\ARM_GCC_541\Debug\Composite_Decoder.a(LCD_RST.o)
 .debug_ranges  0x00000520       0x28 .\CortexM3\ARM_GCC_541\Debug\Composite_Decoder.a(LCD_CS.o)
 .debug_ranges  0x00000548       0x28 .\CortexM3\ARM_GCC_541\Debug\Composite_Decoder.a(LCD_RS.o)
 .debug_ranges  0x00000570       0x28 .\CortexM3\ARM_GCC_541\Debug\Composite_Decoder.a(LCD_RD.o)
 .debug_ranges  0x00000598       0x18 .\CortexM3\ARM_GCC_541\Debug\Composite_Decoder.a(LCD_WR_REG.o)
 .debug_ranges  0x000005b0       0x68 .\CortexM3\ARM_GCC_541\Debug\Composite_Decoder.a(ShiftReg_1.o)
 .debug_ranges  0x00000618       0x80 .\CortexM3\ARM_GCC_541\Debug\Composite_Decoder.a(PWM_1.o)
 .debug_ranges  0x00000698       0x18 .\CortexM3\ARM_GCC_541\Debug\Composite_Decoder.a(DMA_dma.o)
 .debug_ranges  0x000006b0       0x48 .\CortexM3\ARM_GCC_541\Debug\Composite_Decoder.a(Trigger_Reference.o)
 .debug_ranges  0x000006f8       0x60 .\CortexM3\ARM_GCC_541\Debug\Composite_Decoder.a(Trigger_Comp.o)
 .debug_ranges  0x00000758       0x28 .\CortexM3\ARM_GCC_541\Debug\Composite_Decoder.a(Pin_8.o)
 .debug_ranges  0x00000780       0x68 .\CortexM3\ARM_GCC_541\Debug\Composite_Decoder.a(Pixel_ShiftReg.o)
 .debug_ranges  0x000007e8       0x18 .\CortexM3\ARM_GCC_541\Debug\Composite_Decoder.a(ShiftReg_DMA_dma.o)
 .debug_ranges  0x00000800       0x70 .\CortexM3\ARM_GCC_541\Debug\Composite_Decoder.a(Pixel_ISR.o)
 .debug_ranges  0x00000870       0x60 .\CortexM3\ARM_GCC_541\Debug\Composite_Decoder.a(Pixel_ShiftReg_1.o)
 .debug_ranges  0x000008d0       0x60 .\CortexM3\ARM_GCC_541\Debug\Composite_Decoder.a(Comp_1.o)
 .debug_ranges  0x00000930       0x48 .\CortexM3\ARM_GCC_541\Debug\Composite_Decoder.a(VDAC8_1.o)
 .debug_ranges  0x00000978       0x70 .\CortexM3\ARM_GCC_541\Debug\Composite_Decoder.a(VSync_ISR.o)
 .debug_ranges  0x000009e8       0xe0 .\CortexM3\ARM_GCC_541\Debug\Composite_Decoder.a(UART_1.o)
 .debug_ranges  0x00000ac8       0x60 .\CortexM3\ARM_GCC_541\Debug\Composite_Decoder.a(UART_1_IntClock.o)
 .debug_ranges  0x00000b28       0x70 .\CortexM3\ARM_GCC_541\Debug\Composite_Decoder.a(CyFlash.o)
 .debug_ranges  0x00000b98       0x68 .\CortexM3\ARM_GCC_541\Debug\Composite_Decoder.a(CySpc.o)

.comment        0x00000000       0x6e
 .comment       0x00000000       0x6e .\CortexM3\ARM_GCC_541\Debug\main.o
                                 0x6f (size before relaxing)
 .comment       0x0000006e       0x6f .\CortexM3\ARM_GCC_541\Debug\LCD.o
 .comment       0x0000006e       0x6f .\CortexM3\ARM_GCC_541\Debug\iprintf.o
 .comment       0x0000006e       0x6f .\CortexM3\ARM_GCC_541\Debug\cyfitter_cfg.o
 .comment       0x0000006e       0x6f .\CortexM3\ARM_GCC_541\Debug\cymetadata.o
 .comment       0x0000006e       0x6f .\CortexM3\ARM_GCC_541\Debug\Cm3Start.o
 .comment       0x0000006e       0x6f .\CortexM3\ARM_GCC_541\Debug\Composite_Decoder.a(CyDmac.o)
 .comment       0x0000006e       0x6f .\CortexM3\ARM_GCC_541\Debug\Composite_Decoder.a(CyLib.o)
 .comment       0x0000006e       0x6f .\CortexM3\ARM_GCC_541\Debug\Composite_Decoder.a(cyPm.o)
 .comment       0x0000006e       0x6f .\CortexM3\ARM_GCC_541\Debug\Composite_Decoder.a(LCD_Data_Reg.o)
 .comment       0x0000006e       0x6f .\CortexM3\ARM_GCC_541\Debug\Composite_Decoder.a(LCD_RST.o)
 .comment       0x0000006e       0x6f .\CortexM3\ARM_GCC_541\Debug\Composite_Decoder.a(LCD_CS.o)
 .comment       0x0000006e       0x6f .\CortexM3\ARM_GCC_541\Debug\Composite_Decoder.a(LCD_RS.o)
 .comment       0x0000006e       0x6f .\CortexM3\ARM_GCC_541\Debug\Composite_Decoder.a(LCD_RD.o)
 .comment       0x0000006e       0x6f .\CortexM3\ARM_GCC_541\Debug\Composite_Decoder.a(LCD_WR_REG.o)
 .comment       0x0000006e       0x6f .\CortexM3\ARM_GCC_541\Debug\Composite_Decoder.a(ShiftReg_1.o)
 .comment       0x0000006e       0x6f .\CortexM3\ARM_GCC_541\Debug\Composite_Decoder.a(PWM_1.o)
 .comment       0x0000006e       0x6f .\CortexM3\ARM_GCC_541\Debug\Composite_Decoder.a(DMA_dma.o)
 .comment       0x0000006e       0x6f .\CortexM3\ARM_GCC_541\Debug\Composite_Decoder.a(Trigger_Reference.o)
 .comment       0x0000006e       0x6f .\CortexM3\ARM_GCC_541\Debug\Composite_Decoder.a(Trigger_Comp.o)
 .comment       0x0000006e       0x6f .\CortexM3\ARM_GCC_541\Debug\Composite_Decoder.a(Pin_8.o)
 .comment       0x0000006e       0x6f .\CortexM3\ARM_GCC_541\Debug\Composite_Decoder.a(Pixel_ShiftReg.o)
 .comment       0x0000006e       0x6f .\CortexM3\ARM_GCC_541\Debug\Composite_Decoder.a(ShiftReg_DMA_dma.o)
 .comment       0x0000006e       0x6f .\CortexM3\ARM_GCC_541\Debug\Composite_Decoder.a(Pixel_ISR.o)
 .comment       0x0000006e       0x6f .\CortexM3\ARM_GCC_541\Debug\Composite_Decoder.a(Pixel_ShiftReg_1.o)
 .comment       0x0000006e       0x6f .\CortexM3\ARM_GCC_541\Debug\Composite_Decoder.a(Comp_1.o)
 .comment       0x0000006e       0x6f .\CortexM3\ARM_GCC_541\Debug\Composite_Decoder.a(VDAC8_1.o)
 .comment       0x0000006e       0x6f .\CortexM3\ARM_GCC_541\Debug\Composite_Decoder.a(VSync_ISR.o)
 .comment       0x0000006e       0x6f .\CortexM3\ARM_GCC_541\Debug\Composite_Decoder.a(UART_1.o)
 .comment       0x0000006e       0x6f .\CortexM3\ARM_GCC_541\Debug\Composite_Decoder.a(UART_1_IntClock.o)
 .comment       0x0000006e       0x6f .\CortexM3\ARM_GCC_541\Debug\Composite_Decoder.a(CyFlash.o)
 .comment       0x0000006e       0x6f .\CortexM3\ARM_GCC_541\Debug\Composite_Decoder.a(CySpc.o)

.debug_weaknames
 *(.debug_weaknames)

.debug_funcnames
 *(.debug_funcnames)

.debug_typenames
 *(.debug_typenames)

.debug_varnames
 *(.debug_varnames)

.note.gnu.arm.ident
 *(.note.gnu.arm.ident)

.ARM.attributes
                0x00000000       0x29
 *(.ARM.attributes)
 .ARM.attributes
                0x00000000       0x1d c:/program files (x86)/cypress/psoc creator/4.1/psoc creator/import/gnu/arm/5.4.1/bin/../lib/gcc/arm-none-eabi/5.4.1/armv7-m/crti.o
 .ARM.attributes
                0x0000001d       0x2d c:/program files (x86)/cypress/psoc creator/4.1/psoc creator/import/gnu/arm/5.4.1/bin/../lib/gcc/arm-none-eabi/5.4.1/armv7-m/crtbegin.o
 .ARM.attributes
                0x0000004a       0x1b c:/program files (x86)/cypress/psoc creator/4.1/psoc creator/import/gnu/arm/5.4.1/bin/../lib/gcc/arm-none-eabi/5.4.1/../../../../arm-none-eabi/lib/armv7-m/crt0.o
 .ARM.attributes
                0x00000065       0x33 .\CortexM3\ARM_GCC_541\Debug\main.o
 .ARM.attributes
                0x00000098       0x33 .\CortexM3\ARM_GCC_541\Debug\LCD.o
 .ARM.attributes
                0x000000cb       0x33 .\CortexM3\ARM_GCC_541\Debug\iprintf.o
 .ARM.attributes
                0x000000fe       0x33 .\CortexM3\ARM_GCC_541\Debug\cyfitter_cfg.o
 .ARM.attributes
                0x00000131       0x33 .\CortexM3\ARM_GCC_541\Debug\cymetadata.o
 .ARM.attributes
                0x00000164       0x33 .\CortexM3\ARM_GCC_541\Debug\Cm3Start.o
 .ARM.attributes
                0x00000197       0x33 .\CortexM3\ARM_GCC_541\Debug\Composite_Decoder.a(CyDmac.o)
 .ARM.attributes
                0x000001ca       0x33 .\CortexM3\ARM_GCC_541\Debug\Composite_Decoder.a(CyLib.o)
 .ARM.attributes
                0x000001fd       0x33 .\CortexM3\ARM_GCC_541\Debug\Composite_Decoder.a(cyPm.o)
 .ARM.attributes
                0x00000230       0x33 .\CortexM3\ARM_GCC_541\Debug\Composite_Decoder.a(LCD_Data_Reg.o)
 .ARM.attributes
                0x00000263       0x33 .\CortexM3\ARM_GCC_541\Debug\Composite_Decoder.a(LCD_RST.o)
 .ARM.attributes
                0x00000296       0x33 .\CortexM3\ARM_GCC_541\Debug\Composite_Decoder.a(LCD_CS.o)
 .ARM.attributes
                0x000002c9       0x33 .\CortexM3\ARM_GCC_541\Debug\Composite_Decoder.a(LCD_RS.o)
 .ARM.attributes
                0x000002fc       0x33 .\CortexM3\ARM_GCC_541\Debug\Composite_Decoder.a(LCD_RD.o)
 .ARM.attributes
                0x0000032f       0x33 .\CortexM3\ARM_GCC_541\Debug\Composite_Decoder.a(LCD_WR_REG.o)
 .ARM.attributes
                0x00000362       0x33 .\CortexM3\ARM_GCC_541\Debug\Composite_Decoder.a(ShiftReg_1.o)
 .ARM.attributes
                0x00000395       0x33 .\CortexM3\ARM_GCC_541\Debug\Composite_Decoder.a(PWM_1.o)
 .ARM.attributes
                0x000003c8       0x33 .\CortexM3\ARM_GCC_541\Debug\Composite_Decoder.a(DMA_dma.o)
 .ARM.attributes
                0x000003fb       0x33 .\CortexM3\ARM_GCC_541\Debug\Composite_Decoder.a(Trigger_Reference.o)
 .ARM.attributes
                0x0000042e       0x33 .\CortexM3\ARM_GCC_541\Debug\Composite_Decoder.a(Trigger_Comp.o)
 .ARM.attributes
                0x00000461       0x33 .\CortexM3\ARM_GCC_541\Debug\Composite_Decoder.a(Pin_8.o)
 .ARM.attributes
                0x00000494       0x33 .\CortexM3\ARM_GCC_541\Debug\Composite_Decoder.a(Pixel_ShiftReg.o)
 .ARM.attributes
                0x000004c7       0x33 .\CortexM3\ARM_GCC_541\Debug\Composite_Decoder.a(ShiftReg_DMA_dma.o)
 .ARM.attributes
                0x000004fa       0x33 .\CortexM3\ARM_GCC_541\Debug\Composite_Decoder.a(Pixel_ISR.o)
 .ARM.attributes
                0x0000052d       0x33 .\CortexM3\ARM_GCC_541\Debug\Composite_Decoder.a(Pixel_ShiftReg_1.o)
 .ARM.attributes
                0x00000560       0x33 .\CortexM3\ARM_GCC_541\Debug\Composite_Decoder.a(Comp_1.o)
 .ARM.attributes
                0x00000593       0x33 .\CortexM3\ARM_GCC_541\Debug\Composite_Decoder.a(VDAC8_1.o)
 .ARM.attributes
                0x000005c6       0x33 .\CortexM3\ARM_GCC_541\Debug\Composite_Decoder.a(VSync_ISR.o)
 .ARM.attributes
                0x000005f9       0x33 .\CortexM3\ARM_GCC_541\Debug\Composite_Decoder.a(UART_1.o)
 .ARM.attributes
                0x0000062c       0x33 .\CortexM3\ARM_GCC_541\Debug\Composite_Decoder.a(UART_1_IntClock.o)
 .ARM.attributes
                0x0000065f       0x21 .\CortexM3\ARM_GCC_541\Debug\Composite_Decoder.a(CyBootAsmGnu.o)
 .ARM.attributes
                0x00000680       0x33 .\CortexM3\ARM_GCC_541\Debug\Composite_Decoder.a(CyFlash.o)
 .ARM.attributes
                0x000006b3       0x33 .\CortexM3\ARM_GCC_541\Debug\Composite_Decoder.a(CySpc.o)
 .ARM.attributes
                0x000006e6       0x2d c:/program files (x86)/cypress/psoc creator/4.1/psoc creator/import/gnu/arm/5.4.1/bin/../lib/gcc/arm-none-eabi/5.4.1/../../../../arm-none-eabi/lib/armv7-m\libg_nano.a(lib_a-errno.o)
 .ARM.attributes
                0x00000713       0x2d c:/program files (x86)/cypress/psoc creator/4.1/psoc creator/import/gnu/arm/5.4.1/bin/../lib/gcc/arm-none-eabi/5.4.1/../../../../arm-none-eabi/lib/armv7-m\libg_nano.a(lib_a-exit.o)
 .ARM.attributes
                0x00000740       0x2d c:/program files (x86)/cypress/psoc creator/4.1/psoc creator/import/gnu/arm/5.4.1/bin/../lib/gcc/arm-none-eabi/5.4.1/../../../../arm-none-eabi/lib/armv7-m\libg_nano.a(lib_a-impure.o)
 .ARM.attributes
                0x0000076d       0x2d c:/program files (x86)/cypress/psoc creator/4.1/psoc creator/import/gnu/arm/5.4.1/bin/../lib/gcc/arm-none-eabi/5.4.1/../../../../arm-none-eabi/lib/armv7-m\libg_nano.a(lib_a-init.o)
 .ARM.attributes
                0x0000079a       0x2d c:/program files (x86)/cypress/psoc creator/4.1/psoc creator/import/gnu/arm/5.4.1/bin/../lib/gcc/arm-none-eabi/5.4.1/../../../../arm-none-eabi/lib/armv7-m\libg_nano.a(lib_a-memcpy-stub.o)
 .ARM.attributes
                0x000007c7       0x2d c:/program files (x86)/cypress/psoc creator/4.1/psoc creator/import/gnu/arm/5.4.1/bin/../lib/gcc/arm-none-eabi/5.4.1/../../../../arm-none-eabi/lib/armv7-m\libg_nano.a(lib_a-memset.o)
 .ARM.attributes
                0x000007f4       0x2d c:/program files (x86)/cypress/psoc creator/4.1/psoc creator/import/gnu/arm/5.4.1/bin/../lib/gcc/arm-none-eabi/5.4.1/armv7-m/crtend.o
 .ARM.attributes
                0x00000821       0x1d c:/program files (x86)/cypress/psoc creator/4.1/psoc creator/import/gnu/arm/5.4.1/bin/../lib/gcc/arm-none-eabi/5.4.1/armv7-m/crtn.o

/DISCARD/
 *(.note.GNU-stack)
OUTPUT(C:\Users\jrdia\OneDrive\Sync\Documents\GitHub\PSoC-Composite-Decoder\Composite_Decoder.cydsn\CortexM3\ARM_GCC_541\Debug\Composite_Decoder.elf elf32-littlearm)
